127.0.0.1 - - [03/Sep/2021:10:42:17 +0900] "GET / HTTP/1.1" 404 807
0:0:0:0:0:0:0:1 - - [03/Sep/2021:10:42:18 +0900] "GET /GradeWeb/grade/list HTTP/1.1" 200 299
0:0:0:0:0:0:0:1 - - [03/Sep/2021:10:42:18 +0900] "GET /favicon.ico HTTP/1.1" 404 818
0:0:0:0:0:0:0:1 - - [03/Sep/2021:10:42:20 +0900] "GET /GradeWeb/grade/input HTTP/1.1" 200 319
0:0:0:0:0:0:0:1 - - [03/Sep/2021:10:42:28 +0900] "POST /GradeWeb/grade/input HTTP/1.1" 200 99
127.0.0.1 - - [03/Sep/2021:10:44:03 +0900] "GET / HTTP/1.1" 404 807
0:0:0:0:0:0:0:1 - - [03/Sep/2021:10:44:04 +0900] "GET /GradeWeb/grade/input HTTP/1.1" 200 319
0:0:0:0:0:0:0:1 - - [03/Sep/2021:10:44:13 +0900] "POST /GradeWeb/grade/input HTTP/1.1" 200 99
0:0:0:0:0:0:0:1 - - [03/Sep/2021:10:44:14 +0900] "GET /GradeWeb/grade/list HTTP/1.1" 200 373
127.0.0.1 - - [03/Sep/2021:10:50:54 +0900] "GET / HTTP/1.1" 404 807
0:0:0:0:0:0:0:1 - - [03/Sep/2021:10:50:55 +0900] "GET /webTest/member/list HTTP/1.1" 200 1483
0:0:0:0:0:0:0:1 - - [03/Sep/2021:10:50:57 +0900] "GET /webTest/member/delete?no=1 HTTP/1.1" 200 19
0:0:0:0:0:0:0:1 - - [03/Sep/2021:10:51:04 +0900] "GET /webTest/member/update?no=3 HTTP/1.1" 200 19
127.0.0.1 - - [03/Sep/2021:10:53:05 +0900] "GET / HTTP/1.1" 404 807
0:0:0:0:0:0:0:1 - - [03/Sep/2021:10:53:06 +0900] "GET /webTest/member/add HTTP/1.1" 200 408
0:0:0:0:0:0:0:1 - - [03/Sep/2021:10:53:15 +0900] "POST /webTest/member/add HTTP/1.1" 200 106
127.0.0.1 - - [03/Sep/2021:10:53:32 +0900] "GET / HTTP/1.1" 404 807
0:0:0:0:0:0:0:1 - - [03/Sep/2021:10:53:32 +0900] "GET /webTest/member/add HTTP/1.1" 200 408
0:0:0:0:0:0:0:1 - - [03/Sep/2021:10:53:45 +0900] "POST /webTest/member/add HTTP/1.1" 200 106
0:0:0:0:0:0:0:1 - - [03/Sep/2021:10:53:46 +0900] "GET /webTest/member/list HTTP/1.1" 200 1686
0:0:0:0:0:0:0:1 - - [03/Sep/2021:10:53:47 +0900] "GET /webTest/member/delete?no=3 HTTP/1.1" 200 19
0:0:0:0:0:0:0:1 - - [03/Sep/2021:10:53:48 +0900] "GET /webTest/member/list HTTP/1.1" 200 1686
0:0:0:0:0:0:0:1 - - [03/Sep/2021:10:53:49 +0900] "GET /webTest/member/update?no=6 HTTP/1.1" 200 19
0:0:0:0:0:0:0:1 - - [03/Sep/2021:10:53:50 +0900] "GET /webTest/member/list HTTP/1.1" 200 1686
0:0:0:0:0:0:0:1 - - [03/Sep/2021:10:53:51 +0900] "GET /webTest/member/delete?no=12 HTTP/1.1" 200 19
0:0:0:0:0:0:0:1 - - [03/Sep/2021:10:53:52 +0900] "GET /webTest/member/list HTTP/1.1" 200 1686
127.0.0.1 - - [03/Sep/2021:11:39:41 +0900] "GET / HTTP/1.1" 404 807
0:0:0:0:0:0:0:1 - - [03/Sep/2021:11:39:42 +0900] "GET /webTest/member/list HTTP/1.1" 200 1686
0:0:0:0:0:0:0:1 - - [03/Sep/2021:11:39:43 +0900] "GET /webTest/member/update?no=1 HTTP/1.1" 200 -
0:0:0:0:0:0:0:1 - - [03/Sep/2021:11:40:12 +0900] "GET /webTest/member/lisy HTTP/1.1" 404 834
0:0:0:0:0:0:0:1 - - [03/Sep/2021:11:40:15 +0900] "GET /webTest/member/list HTTP/1.1" 200 1686
0:0:0:0:0:0:0:1 - - [03/Sep/2021:11:40:18 +0900] "GET /webTest/member/update?no=9 HTTP/1.1" 200 -
127.0.0.1 - - [03/Sep/2021:11:40:59 +0900] "GET / HTTP/1.1" 404 807
0:0:0:0:0:0:0:1 - - [03/Sep/2021:11:41:00 +0900] "GET /webTest/member/list HTTP/1.1" 200 1686
0:0:0:0:0:0:0:1 - - [03/Sep/2021:11:41:01 +0900] "GET /webTest/member/update?no=4 HTTP/1.1" 200 -
0:0:0:0:0:0:0:1 - - [03/Sep/2021:11:41:05 +0900] "GET /webTest/member/update?no=9 HTTP/1.1" 200 -
0:0:0:0:0:0:0:1 - - [03/Sep/2021:11:43:39 +0900] "GET /webTest/member/list HTTP/1.1" 200 1686
0:0:0:0:0:0:0:1 - - [03/Sep/2021:11:43:41 +0900] "GET /webTest/member/update?no=5 HTTP/1.1" 200 -
0:0:0:0:0:0:0:1 - - [03/Sep/2021:11:43:46 +0900] "GET /webTest/member/update?no=1 HTTP/1.1" 200 203
0:0:0:0:0:0:0:1 - - [03/Sep/2021:11:43:47 +0900] "GET /webTest/member/update?no=10 HTTP/1.1" 200 204
0:0:0:0:0:0:0:1 - - [03/Sep/2021:11:44:00 +0900] "GET /webTest/member/update?no=10 HTTP/1.1" 200 204
127.0.0.1 - - [03/Sep/2021:11:44:19 +0900] "GET / HTTP/1.1" 404 807
0:0:0:0:0:0:0:1 - - [03/Sep/2021:11:44:20 +0900] "GET /webTest/member/list HTTP/1.1" 200 1686
0:0:0:0:0:0:0:1 - - [03/Sep/2021:11:44:21 +0900] "GET /webTest/member/update?no=5 HTTP/1.1" 200 205
127.0.0.1 - - [03/Sep/2021:11:44:44 +0900] "GET / HTTP/1.1" 404 807
0:0:0:0:0:0:0:1 - - [03/Sep/2021:11:44:52 +0900] "GET /webTest/member/list HTTP/1.1" 200 1686
0:0:0:0:0:0:0:1 - - [03/Sep/2021:11:44:52 +0900] "GET /favicon.ico HTTP/1.1" 404 818
0:0:0:0:0:0:0:1 - - [03/Sep/2021:11:44:53 +0900] "GET /webTest/member/update?no=5 HTTP/1.1" 200 206
0:0:0:0:0:0:0:1 - - [03/Sep/2021:11:44:55 +0900] "GET /webTest/member/update?no=5 HTTP/1.1" 200 206
0:0:0:0:0:0:0:1 - - [03/Sep/2021:11:44:55 +0900] "GET /webTest/member/update?no=5 HTTP/1.1" 200 206
0:0:0:0:0:0:0:1 - - [03/Sep/2021:11:44:55 +0900] "GET /webTest/member/update?no=5 HTTP/1.1" 200 206
127.0.0.1 - - [03/Sep/2021:11:45:43 +0900] "GET / HTTP/1.1" 404 807
0:0:0:0:0:0:0:1 - - [03/Sep/2021:11:45:44 +0900] "GET /webTest/member/update HTTP/1.1" 200 210
0:0:0:0:0:0:0:1 - - [03/Sep/2021:11:45:49 +0900] "GET /webTest/member/list HTTP/1.1" 200 1686
0:0:0:0:0:0:0:1 - - [03/Sep/2021:11:45:50 +0900] "GET /webTest/member/update?no=9 HTTP/1.1" 200 207
0:0:0:0:0:0:0:1 - - [03/Sep/2021:11:45:51 +0900] "GET /webTest/member/update?no=3 HTTP/1.1" 200 207
0:0:0:0:0:0:0:1 - - [03/Sep/2021:11:45:52 +0900] "GET /webTest/member/update?no=1 HTTP/1.1" 200 207
127.0.0.1 - - [03/Sep/2021:11:47:21 +0900] "GET / HTTP/1.1" 404 807
0:0:0:0:0:0:0:1 - - [03/Sep/2021:11:47:21 +0900] "GET /webTest/member/add HTTP/1.1" 200 408
0:0:0:0:0:0:0:1 - - [03/Sep/2021:11:47:28 +0900] "GET /webTest/member/list HTTP/1.1" 200 1686
0:0:0:0:0:0:0:1 - - [03/Sep/2021:11:47:29 +0900] "GET /webTest/member/update?no=4 HTTP/1.1" 200 245
0:0:0:0:0:0:0:1 - - [03/Sep/2021:11:47:30 +0900] "POST /webTest/member/update HTTP/1.1" 200 -
0:0:0:0:0:0:0:1 - - [03/Sep/2021:11:47:34 +0900] "POST /webTest/member/update HTTP/1.1" 200 -
0:0:0:0:0:0:0:1 - - [03/Sep/2021:11:47:52 +0900] "GET /webTest/member/update?no=7 HTTP/1.1" 200 245
0:0:0:0:0:0:0:1 - - [03/Sep/2021:11:47:52 +0900] "POST /webTest/member/update HTTP/1.1" 200 -
127.0.0.1 - - [03/Sep/2021:11:48:37 +0900] "GET / HTTP/1.1" 404 807
0:0:0:0:0:0:0:1 - - [03/Sep/2021:11:48:37 +0900] "GET /webTest/member/add HTTP/1.1" 200 408
0:0:0:0:0:0:0:1 - - [03/Sep/2021:11:48:42 +0900] "GET /webTest/member/list HTTP/1.1" 200 1686
0:0:0:0:0:0:0:1 - - [03/Sep/2021:11:48:42 +0900] "GET /webTest/member/update?no=1 HTTP/1.1" 200 248
0:0:0:0:0:0:0:1 - - [03/Sep/2021:11:48:43 +0900] "POST /webTest/member/update HTTP/1.1" 200 -
127.0.0.1 - - [03/Sep/2021:11:49:23 +0900] "GET / HTTP/1.1" 404 807
0:0:0:0:0:0:0:1 - - [03/Sep/2021:11:49:24 +0900] "GET /webTest/member/list HTTP/1.1" 200 1686
0:0:0:0:0:0:0:1 - - [03/Sep/2021:11:49:26 +0900] "GET /webTest/member/update?no=5 HTTP/1.1" 200 248
0:0:0:0:0:0:0:1 - - [03/Sep/2021:11:49:27 +0900] "GET /webTest/member/update?no=1 HTTP/1.1" 200 248
0:0:0:0:0:0:0:1 - - [03/Sep/2021:11:49:29 +0900] "GET /webTest/member/update?no=14 HTTP/1.1" 200 248
0:0:0:0:0:0:0:1 - - [03/Sep/2021:11:49:31 +0900] "GET /webTest/member/update?no=16 HTTP/1.1" 200 248
0:0:0:0:0:0:0:1 - - [03/Sep/2021:11:49:31 +0900] "POST /webTest/member/update HTTP/1.1" 200 -
0:0:0:0:0:0:0:1 - - [03/Sep/2021:11:51:01 +0900] "GET /webTest/member/list HTTP/1.1" 200 1686
0:0:0:0:0:0:0:1 - - [03/Sep/2021:11:51:04 +0900] "GET /webTest/member/update?no=13 HTTP/1.1" 200 256
0:0:0:0:0:0:0:1 - - [03/Sep/2021:11:51:07 +0900] "GET /webTest/member/update?no=5 HTTP/1.1" 200 247
0:0:0:0:0:0:0:1 - - [03/Sep/2021:11:51:09 +0900] "GET /webTest/member/update?no=1 HTTP/1.1" 200 247
0:0:0:0:0:0:0:1 - - [03/Sep/2021:11:51:10 +0900] "GET /webTest/member/update?no=4 HTTP/1.1" 200 247
0:0:0:0:0:0:0:1 - - [03/Sep/2021:11:51:11 +0900] "GET /webTest/member/update?no=17 HTTP/1.1" 200 247
0:0:0:0:0:0:0:1 - - [03/Sep/2021:11:51:12 +0900] "POST /webTest/member/update HTTP/1.1" 200 -
127.0.0.1 - - [03/Sep/2021:12:22:48 +0900] "GET / HTTP/1.1" 404 807
0:0:0:0:0:0:0:1 - - [03/Sep/2021:12:22:49 +0900] "GET /webTest/member/list HTTP/1.1" 200 1686
0:0:0:0:0:0:0:1 - - [03/Sep/2021:12:22:49 +0900] "GET /favicon.ico HTTP/1.1" 404 818
0:0:0:0:0:0:0:1 - - [03/Sep/2021:12:22:49 +0900] "GET /webTest/member/update?no=4 HTTP/1.1" 200 311
0:0:0:0:0:0:0:1 - - [03/Sep/2021:12:22:52 +0900] "GET /webTest/member/update?no=4 HTTP/1.1" 200 311
0:0:0:0:0:0:0:1 - - [03/Sep/2021:12:22:54 +0900] "GET /webTest/member/update?no=9 HTTP/1.1" 200 311
0:0:0:0:0:0:0:1 - - [03/Sep/2021:12:22:55 +0900] "POST /webTest/member/update HTTP/1.1" 200 -
0:0:0:0:0:0:0:1 - - [03/Sep/2021:12:22:58 +0900] "GET /webTest/member/update?no=13 HTTP/1.1" 200 321
0:0:0:0:0:0:0:1 - - [03/Sep/2021:12:22:59 +0900] "POST /webTest/member/update HTTP/1.1" 200 -
127.0.0.1 - - [03/Sep/2021:12:26:48 +0900] "GET / HTTP/1.1" 404 807
0:0:0:0:0:0:0:1 - - [03/Sep/2021:12:26:49 +0900] "GET /webTest/member/list HTTP/1.1" 200 1686
0:0:0:0:0:0:0:1 - - [03/Sep/2021:12:26:50 +0900] "GET /webTest/member/update?no=3 HTTP/1.1" 200 504
0:0:0:0:0:0:0:1 - - [03/Sep/2021:12:26:52 +0900] "POST /webTest/member/update HTTP/1.1" 200 -
127.0.0.1 - - [03/Sep/2021:12:28:14 +0900] "GET / HTTP/1.1" 404 807
0:0:0:0:0:0:0:1 - - [03/Sep/2021:12:28:15 +0900] "GET /webTest/member/list HTTP/1.1" 200 1686
0:0:0:0:0:0:0:1 - - [03/Sep/2021:12:28:16 +0900] "GET /webTest/member/update?no=1 HTTP/1.1" 200 573
127.0.0.1 - - [03/Sep/2021:12:28:39 +0900] "GET / HTTP/1.1" 404 807
0:0:0:0:0:0:0:1 - - [03/Sep/2021:12:28:40 +0900] "GET /webTest/member/list HTTP/1.1" 200 1686
0:0:0:0:0:0:0:1 - - [03/Sep/2021:12:28:41 +0900] "GET /webTest/member/update?no=3 HTTP/1.1" 200 573
0:0:0:0:0:0:0:1 - - [03/Sep/2021:12:28:43 +0900] "GET /webTest/member/list HTTP/1.1" 200 1686
0:0:0:0:0:0:0:1 - - [03/Sep/2021:12:28:44 +0900] "GET /webTest/member/update?no=5 HTTP/1.1" 200 573
0:0:0:0:0:0:0:1 - - [03/Sep/2021:12:28:44 +0900] "GET /webTest/member/delete?no=5 HTTP/1.1" 200 19
0:0:0:0:0:0:0:1 - - [03/Sep/2021:12:28:46 +0900] "POST /webTest/member/update HTTP/1.1" 200 -
0:0:0:0:0:0:0:1 - - [03/Sep/2021:12:28:48 +0900] "GET /webTest/member/delete?no=5 HTTP/1.1" 200 19
0:0:0:0:0:0:0:1 - - [03/Sep/2021:12:28:49 +0900] "GET /webTest/member/list HTTP/1.1" 200 1686
127.0.0.1 - - [03/Sep/2021:12:40:57 +0900] "GET / HTTP/1.1" 404 807
0:0:0:0:0:0:0:1 - - [03/Sep/2021:12:40:58 +0900] "GET /webTest/member/list HTTP/1.1" 200 1686
0:0:0:0:0:0:0:1 - - [03/Sep/2021:12:41:00 +0900] "GET /webTest/member/update?no=4 HTTP/1.1" 200 573
0:0:0:0:0:0:0:1 - - [03/Sep/2021:12:41:03 +0900] "POST /webTest/member/update HTTP/1.1" 200 -
127.0.0.1 - - [03/Sep/2021:12:42:18 +0900] "GET / HTTP/1.1" 404 807
0:0:0:0:0:0:0:1 - - [03/Sep/2021:12:42:19 +0900] "GET /webTest/member/list HTTP/1.1" 200 1686
0:0:0:0:0:0:0:1 - - [03/Sep/2021:12:42:20 +0900] "GET /webTest/member/update?no=12 HTTP/1.1" 200 602
127.0.0.1 - - [03/Sep/2021:12:42:51 +0900] "GET / HTTP/1.1" 404 807
0:0:0:0:0:0:0:1 - - [03/Sep/2021:12:42:51 +0900] "GET /webTest/member/list HTTP/1.1" 200 1686
0:0:0:0:0:0:0:1 - - [03/Sep/2021:12:42:54 +0900] "GET /webTest/member/update?no=1 HTTP/1.1" 200 549
0:0:0:0:0:0:0:1 - - [03/Sep/2021:12:42:56 +0900] "GET /webTest/member/update?no=12 HTTP/1.1" 200 578
0:0:0:0:0:0:0:1 - - [03/Sep/2021:12:42:58 +0900] "GET /webTest/member/update?no=4 HTTP/1.1" 200 549
127.0.0.1 - - [03/Sep/2021:12:43:18 +0900] "GET / HTTP/1.1" 404 807
0:0:0:0:0:0:0:1 - - [03/Sep/2021:12:43:19 +0900] "GET /webTest/member/list HTTP/1.1" 200 1686
0:0:0:0:0:0:0:1 - - [03/Sep/2021:12:43:20 +0900] "GET /webTest/member/update?no=3 HTTP/1.1" 200 551
0:0:0:0:0:0:0:1 - - [03/Sep/2021:12:43:23 +0900] "GET /webTest/member/update?no=12 HTTP/1.1" 200 580
127.0.0.1 - - [03/Sep/2021:12:43:43 +0900] "GET / HTTP/1.1" 404 807
0:0:0:0:0:0:0:1 - - [03/Sep/2021:12:43:44 +0900] "GET /webTest/member/update HTTP/1.1" 200 185
127.0.0.1 - - [03/Sep/2021:12:44:39 +0900] "GET / HTTP/1.1" 404 807
0:0:0:0:0:0:0:1 - - [03/Sep/2021:12:44:40 +0900] "GET /webTest/member/list HTTP/1.1" 200 1686
0:0:0:0:0:0:0:1 - - [03/Sep/2021:12:44:42 +0900] "GET /webTest/member/update?no=12 HTTP/1.1" 200 580
0:0:0:0:0:0:0:1 - - [03/Sep/2021:12:44:46 +0900] "POST /webTest/member/update HTTP/1.1" 200 -
0:0:0:0:0:0:0:1 - - [03/Sep/2021:12:44:50 +0900] "GET /webTest/member/list HTTP/1.1" 200 1686
0:0:0:0:0:0:0:1 - - [03/Sep/2021:12:44:52 +0900] "GET /webTest/member/list HTTP/1.1" 200 1686
127.0.0.1 - - [03/Sep/2021:12:47:55 +0900] "GET / HTTP/1.1" 404 807
0:0:0:0:0:0:0:1 - - [03/Sep/2021:12:47:56 +0900] "GET /webTest/member/update HTTP/1.1" 200 185
0:0:0:0:0:0:0:1 - - [03/Sep/2021:12:47:58 +0900] "GET /webTest/member/lisy HTTP/1.1" 404 834
0:0:0:0:0:0:0:1 - - [03/Sep/2021:12:48:01 +0900] "GET /webTest/member/list HTTP/1.1" 200 1686
0:0:0:0:0:0:0:1 - - [03/Sep/2021:12:48:02 +0900] "GET /webTest/member/update?no=12 HTTP/1.1" 200 580
0:0:0:0:0:0:0:1 - - [03/Sep/2021:12:48:07 +0900] "POST /webTest/member/update HTTP/1.1" 302 -
0:0:0:0:0:0:0:1 - - [03/Sep/2021:12:48:07 +0900] "GET /webTest/member/list HTTP/1.1" 200 1668
127.0.0.1 - - [03/Sep/2021:12:50:59 +0900] "GET / HTTP/1.1" 404 807
0:0:0:0:0:0:0:1 - - [03/Sep/2021:12:51:00 +0900] "GET /webTest/member/list HTTP/1.1" 200 1668
0:0:0:0:0:0:0:1 - - [03/Sep/2021:12:51:03 +0900] "GET /webTest/member/delete?no=17 HTTP/1.1" 302 -
0:0:0:0:0:0:0:1 - - [03/Sep/2021:12:51:03 +0900] "GET /webTest/member/list HTTP/1.1" 200 1565
0:0:0:0:0:0:0:1 - - [03/Sep/2021:12:51:03 +0900] "GET /webTest/member/delete?no=16 HTTP/1.1" 302 -
0:0:0:0:0:0:0:1 - - [03/Sep/2021:12:51:03 +0900] "GET /webTest/member/list HTTP/1.1" 200 1465
0:0:0:0:0:0:0:1 - - [03/Sep/2021:12:51:04 +0900] "GET /webTest/member/delete?no=14 HTTP/1.1" 302 -
0:0:0:0:0:0:0:1 - - [03/Sep/2021:12:51:04 +0900] "GET /webTest/member/list HTTP/1.1" 200 1360
0:0:0:0:0:0:0:1 - - [03/Sep/2021:12:51:06 +0900] "GET /webTest/member/delete?no=6 HTTP/1.1" 302 -
0:0:0:0:0:0:0:1 - - [03/Sep/2021:12:51:06 +0900] "GET /webTest/member/list HTTP/1.1" 200 1260
0:0:0:0:0:0:0:1 - - [03/Sep/2021:12:51:06 +0900] "GET /webTest/member/delete?no=5 HTTP/1.1" 302 -
0:0:0:0:0:0:0:1 - - [03/Sep/2021:12:51:06 +0900] "GET /webTest/member/list HTTP/1.1" 200 1160
0:0:0:0:0:0:0:1 - - [03/Sep/2021:12:51:06 +0900] "GET /webTest/member/delete?no=4 HTTP/1.1" 302 -
0:0:0:0:0:0:0:1 - - [03/Sep/2021:12:51:06 +0900] "GET /webTest/member/list HTTP/1.1" 200 1060
0:0:0:0:0:0:0:1 - - [03/Sep/2021:12:51:07 +0900] "GET /webTest/member/delete?no=3 HTTP/1.1" 302 -
0:0:0:0:0:0:0:1 - - [03/Sep/2021:12:51:07 +0900] "GET /webTest/member/list HTTP/1.1" 200 960
0:0:0:0:0:0:0:1 - - [03/Sep/2021:13:00:29 +0900] "GET /sevlet0903/member/list HTTP/1.1" 404 837
127.0.0.1 - - [03/Sep/2021:13:01:31 +0900] "GET / HTTP/1.1" 404 807
0:0:0:0:0:0:0:1 - - [03/Sep/2021:13:01:32 +0900] "GET /sevlet0903/member/list HTTP/1.1" 200 960
0:0:0:0:0:0:0:1 - - [03/Sep/2021:13:01:34 +0900] "GET /sevlet0903/member/update?no=1 HTTP/1.1" 200 551
127.0.0.1 - - [03/Sep/2021:14:35:11 +0900] "GET / HTTP/1.1" 404 807
0:0:0:0:0:0:0:1 - - [03/Sep/2021:14:35:12 +0900] "GET /sevlet0903/member/list HTTP/1.1" 500 1225
127.0.0.1 - - [03/Sep/2021:14:36:21 +0900] "GET / HTTP/1.1" 404 807
0:0:0:0:0:0:0:1 - - [03/Sep/2021:14:36:22 +0900] "GET /sevlet0903/member/list HTTP/1.1" 500 1225
127.0.0.1 - - [03/Sep/2021:14:41:04 +0900] "GET / HTTP/1.1" 404 807
0:0:0:0:0:0:0:1 - - [03/Sep/2021:14:41:05 +0900] "GET /sevlet0903/Test/a.jsp HTTP/1.1" 200 138
127.0.0.1 - - [03/Sep/2021:14:43:59 +0900] "GET / HTTP/1.1" 404 807
0:0:0:0:0:0:0:1 - - [03/Sep/2021:14:44:00 +0900] "GET /sevlet0903/Test/a.jsp HTTP/1.1" 200 149
0:0:0:0:0:0:0:1 - - [03/Sep/2021:14:44:07 +0900] "GET /sevlet0903/test/a HTTP/1.1" 404 806
127.0.0.1 - - [03/Sep/2021:14:46:59 +0900] "GET / HTTP/1.1" 404 807
0:0:0:0:0:0:0:1 - - [03/Sep/2021:14:46:59 +0900] "GET /sevlet0903/test/a HTTP/1.1" 404 806
0:0:0:0:0:0:0:1 - - [03/Sep/2021:14:47:06 +0900] "GET /sevlet0903/Test/a.jsp HTTP/1.1" 200 149
0:0:0:0:0:0:0:1 - - [03/Sep/2021:14:48:32 +0900] "GET /sevlet0903/Test/a.jsp HTTP/1.1" 500 2447
0:0:0:0:0:0:0:1 - - [03/Sep/2021:14:48:35 +0900] "GET /sevlet0903/Test/a.jsp HTTP/1.1" 200 149
0:0:0:0:0:0:0:1 - - [03/Sep/2021:14:48:50 +0900] "GET /sevlet0903/Test/a.jsp HTTP/1.1" 500 2447
0:0:0:0:0:0:0:1 - - [03/Sep/2021:14:48:56 +0900] "GET /sevlet0903/Test/a.jsp HTTP/1.1" 500 2447
0:0:0:0:0:0:0:1 - - [03/Sep/2021:14:48:56 +0900] "GET /favicon.ico HTTP/1.1" 404 818
0:0:0:0:0:0:0:1 - - [03/Sep/2021:14:49:08 +0900] "GET /sevlet0903/Test/a.jsp HTTP/1.1" 200 156
0:0:0:0:0:0:0:1 - - [03/Sep/2021:14:51:28 +0900] "GET /sevlet0903/Test/a.jsp HTTP/1.1" 200 156
127.0.0.1 - - [03/Sep/2021:14:52:26 +0900] "GET / HTTP/1.1" 404 807
0:0:0:0:0:0:0:1 - - [03/Sep/2021:14:52:26 +0900] "GET /sevlet0903/Test/a.jsp HTTP/1.1" 200 156
0:0:0:0:0:0:0:1 - - [03/Sep/2021:14:55:19 +0900] "GET /sevlet0903/Member/MemberList.jsp HTTP/1.1" 404 817
0:0:0:0:0:0:0:1 - - [03/Sep/2021:14:56:00 +0900] "GET /sevlet0903/Member/MemberList.jsp HTTP/1.1" 404 817
127.0.0.1 - - [03/Sep/2021:14:56:30 +0900] "GET / HTTP/1.1" 404 807
0:0:0:0:0:0:0:1 - - [03/Sep/2021:14:56:30 +0900] "GET /sevlet0903/member/MemberList.jsp HTTP/1.1" 404 817
0:0:0:0:0:0:0:1 - - [03/Sep/2021:14:56:38 +0900] "GET /sevlet0903/test/a.jsp HTTP/1.1" 404 806
0:0:0:0:0:0:0:1 - - [03/Sep/2021:14:56:42 +0900] "GET /sevlet0903/test/a.jsp HTTP/1.1" 404 806
0:0:0:0:0:0:0:1 - - [03/Sep/2021:14:56:42 +0900] "GET /favicon.ico HTTP/1.1" 404 818
127.0.0.1 - - [03/Sep/2021:14:57:20 +0900] "GET / HTTP/1.1" 404 807
0:0:0:0:0:0:0:1 - - [03/Sep/2021:14:57:21 +0900] "GET /sevlet0903/test/a HTTP/1.1" 404 806
127.0.0.1 - - [03/Sep/2021:14:57:31 +0900] "GET / HTTP/1.1" 404 807
0:0:0:0:0:0:0:1 - - [03/Sep/2021:14:57:32 +0900] "GET /sevlet0903/test/a HTTP/1.1" 404 815
127.0.0.1 - - [03/Sep/2021:14:57:43 +0900] "GET / HTTP/1.1" 404 807
0:0:0:0:0:0:0:1 - - [03/Sep/2021:14:57:43 +0900] "GET /sevlet0903/test/a HTTP/1.1" 404 797
127.0.0.1 - - [03/Sep/2021:14:57:54 +0900] "GET / HTTP/1.1" 404 807
0:0:0:0:0:0:0:1 - - [03/Sep/2021:14:57:54 +0900] "GET /sevlet0903/test/a HTTP/1.1" 404 806
0:0:0:0:0:0:0:1 - - [03/Sep/2021:14:58:07 +0900] "GET /sevlet0903/test/a.jsp HTTP/1.1" 404 806
0:0:0:0:0:0:0:1 - - [03/Sep/2021:14:58:12 +0900] "GET /sevlet0903/test/a.jsp HTTP/1.1" 404 806
0:0:0:0:0:0:0:1 - - [03/Sep/2021:14:58:13 +0900] "GET /favicon.ico HTTP/1.1" 404 818
0:0:0:0:0:0:0:1 - - [03/Sep/2021:14:59:58 +0900] "GET /sevlet0903/member/MemberList.jsp HTTP/1.1" 404 817
0:0:0:0:0:0:0:1 - - [03/Sep/2021:15:00:28 +0900] "GET /sevlet0903/test/a.jsp HTTP/1.1" 404 806
0:0:0:0:0:0:0:1 - - [03/Sep/2021:15:04:36 +0900] "GET /sevlet0903/test/a.jsp HTTP/1.1" 200 152
127.0.0.1 - - [03/Sep/2021:15:04:53 +0900] "GET / HTTP/1.1" 404 807
0:0:0:0:0:0:0:1 - - [03/Sep/2021:15:04:54 +0900] "GET /sevlet0903/member/MemberList.jsp HTTP/1.1" 200 131
127.0.0.1 - - [03/Sep/2021:15:12:18 +0900] "GET / HTTP/1.1" 404 807
0:0:0:0:0:0:0:1 - - [03/Sep/2021:15:12:19 +0900] "GET /sevlet0903/test/a HTTP/1.1" 200 186
0:0:0:0:0:0:0:1 - - [03/Sep/2021:15:12:34 +0900] "GET /sevlet0903/member/MemberList.jsp HTTP/1.1" 200 131
0:0:0:0:0:0:0:1 - - [03/Sep/2021:15:12:39 +0900] "GET /sevlet0903/member/MemberList.jsp HTTP/1.1" 200 131
0:0:0:0:0:0:0:1 - - [03/Sep/2021:15:12:39 +0900] "GET /favicon.ico HTTP/1.1" 404 818
0:0:0:0:0:0:0:1 - - [03/Sep/2021:15:12:45 +0900] "GET /sevlet0903/test/a HTTP/1.1" 200 186
0:0:0:0:0:0:0:1 - - [03/Sep/2021:15:14:29 +0900] "GET /sevlet0903/member/MemberList.jsp HTTP/1.1" 200 131
127.0.0.1 - - [03/Sep/2021:15:14:48 +0900] "GET / HTTP/1.1" 404 807
0:0:0:0:0:0:0:1 - - [03/Sep/2021:15:14:48 +0900] "GET /sevlet0903/member/MemberList.jsp HTTP/1.1" 200 131
0:0:0:0:0:0:0:1 - - [03/Sep/2021:15:14:48 +0900] "GET /favicon.ico HTTP/1.1" 404 818
0:0:0:0:0:0:0:1 - - [03/Sep/2021:15:16:05 +0900] "GET /sevlet0903/member/MemberList.jsp HTTP/1.1" 200 130
0:0:0:0:0:0:0:1 - - [03/Sep/2021:15:16:35 +0900] "GET /sevlet0903/test/a.jsp HTTP/1.1" 200 152
0:0:0:0:0:0:0:1 - - [03/Sep/2021:15:17:08 +0900] "GET /sevlet0903/test/a.jsp HTTP/1.1" 200 152
0:0:0:0:0:0:0:1 - - [03/Sep/2021:15:17:08 +0900] "GET /favicon.ico HTTP/1.1" 404 818
0:0:0:0:0:0:0:1 - - [03/Sep/2021:15:17:28 +0900] "GET /sevlet0903/test/a.jsp HTTP/1.1" 200 152
0:0:0:0:0:0:0:1 - - [03/Sep/2021:15:18:15 +0900] "GET /sevlet0903/test/a.jsp HTTP/1.1" 200 152
0:0:0:0:0:0:0:1 - - [03/Sep/2021:15:18:15 +0900] "GET /favicon.ico HTTP/1.1" 404 818
0:0:0:0:0:0:0:1 - - [03/Sep/2021:15:18:22 +0900] "GET /sevlet0903/test/a HTTP/1.1" 200 186
0:0:0:0:0:0:0:1 - - [03/Sep/2021:15:18:42 +0900] "GET /sevlet0903/member/list HTTP/1.1" 500 1225
127.0.0.1 - - [03/Sep/2021:15:22:20 +0900] "GET / HTTP/1.1" 404 807
0:0:0:0:0:0:0:1 - - [03/Sep/2021:15:22:21 +0900] "GET /sevlet0903/test/a HTTP/1.1" 500 3652
0:0:0:0:0:0:0:1 - - [03/Sep/2021:15:23:48 +0900] "GET /sevlet0903/test/a HTTP/1.1" 500 3652
0:0:0:0:0:0:0:1 - - [03/Sep/2021:15:23:48 +0900] "GET /sevlet0903/test/a HTTP/1.1" 500 3652
0:0:0:0:0:0:0:1 - - [03/Sep/2021:15:23:48 +0900] "GET /sevlet0903/test/a HTTP/1.1" 500 3652
0:0:0:0:0:0:0:1 - - [03/Sep/2021:15:23:57 +0900] "GET /sevlet0903/test/a HTTP/1.1" 500 3707
0:0:0:0:0:0:0:1 - - [03/Sep/2021:15:23:58 +0900] "GET /sevlet0903/test/a HTTP/1.1" 500 3707
0:0:0:0:0:0:0:1 - - [03/Sep/2021:15:24:13 +0900] "GET /sevlet0903/test/a HTTP/1.1" 500 3603
0:0:0:0:0:0:0:1 - - [03/Sep/2021:15:24:14 +0900] "GET /sevlet0903/test/a HTTP/1.1" 500 3603
0:0:0:0:0:0:0:1 - - [03/Sep/2021:15:24:14 +0900] "GET /sevlet0903/test/a HTTP/1.1" 500 3603
0:0:0:0:0:0:0:1 - - [03/Sep/2021:15:24:58 +0900] "GET /sevlet0903/test/a HTTP/1.1" 200 269
0:0:0:0:0:0:0:1 - - [03/Sep/2021:15:26:04 +0900] "GET /sevlet0903/test/a HTTP/1.1" 200 1009
0:0:0:0:0:0:0:1 - - [03/Sep/2021:15:27:00 +0900] "GET /sevlet0903/test/a HTTP/1.1" 200 769
0:0:0:0:0:0:0:1 - - [03/Sep/2021:15:27:50 +0900] "GET /sevlet0903/test/a HTTP/1.1" 200 625
127.0.0.1 - - [03/Sep/2021:15:31:52 +0900] "GET / HTTP/1.1" 404 807
0:0:0:0:0:0:0:1 - - [03/Sep/2021:15:31:53 +0900] "GET /sevlet0903/member/list HTTP/1.1" 500 1225
0:0:0:0:0:0:0:1 - - [03/Sep/2021:15:34:30 +0900] "GET /sevlet0903/member/list HTTP/1.1" 500 1225
0:0:0:0:0:0:0:1 - - [03/Sep/2021:15:34:38 +0900] "GET /sevlet0903/test/a HTTP/1.1" 200 615
0:0:0:0:0:0:0:1 - - [03/Sep/2021:15:35:36 +0900] "GET /sevlet0903/member/list HTTP/1.1" 500 1225
127.0.0.1 - - [03/Sep/2021:15:37:14 +0900] "GET / HTTP/1.1" 404 807
0:0:0:0:0:0:0:1 - - [03/Sep/2021:15:37:15 +0900] "GET /sevlet0903/member/list HTTP/1.1" 500 1225
127.0.0.1 - - [03/Sep/2021:15:37:42 +0900] "GET / HTTP/1.1" 404 807
0:0:0:0:0:0:0:1 - - [03/Sep/2021:15:37:43 +0900] "GET /sevlet0903/member/list HTTP/1.1" 500 1225
127.0.0.1 - - [03/Sep/2021:15:40:10 +0900] "GET / HTTP/1.1" 404 807
0:0:0:0:0:0:0:1 - - [03/Sep/2021:15:40:11 +0900] "GET /sevlet0903/member/list HTTP/1.1" 500 1225
0:0:0:0:0:0:0:1 - - [03/Sep/2021:15:41:12 +0900] "GET /sevlet0903/member/list HTTP/1.1" 500 1225
127.0.0.1 - - [03/Sep/2021:15:42:36 +0900] "GET / HTTP/1.1" 404 807
0:0:0:0:0:0:0:1 - - [03/Sep/2021:15:42:37 +0900] "GET /sevlet0903/member/list HTTP/1.1" 500 1225
127.0.0.1 - - [03/Sep/2021:16:08:35 +0900] "GET / HTTP/1.1" 404 807
0:0:0:0:0:0:0:1 - - [03/Sep/2021:16:08:36 +0900] "GET /servtest/green/list HTTP/1.1" 404 834
127.0.0.1 - - [03/Sep/2021:16:09:12 +0900] "GET / HTTP/1.1" 404 807
0:0:0:0:0:0:0:1 - - [03/Sep/2021:16:09:12 +0900] "GET /servtest/choco/list HTTP/1.1" 404 834
127.0.0.1 - - [03/Sep/2021:16:17:59 +0900] "GET / HTTP/1.1" 404 807
0:0:0:0:0:0:0:1 - - [03/Sep/2021:16:17:59 +0900] "GET /servtest/choco/chocoList.jsp HTTP/1.1" 404 828
0:0:0:0:0:0:0:1 - - [03/Sep/2021:16:18:51 +0900] "GET /servtest/green/list HTTP/1.1" 404 834
127.0.0.1 - - [03/Sep/2021:16:19:15 +0900] "GET / HTTP/1.1" 404 807
0:0:0:0:0:0:0:1 - - [03/Sep/2021:16:19:16 +0900] "GET /servtest/green/list HTTP/1.1" 404 834
127.0.0.1 - - [03/Sep/2021:16:23:18 +0900] "GET / HTTP/1.1" 404 807
0:0:0:0:0:0:0:1 - - [03/Sep/2021:16:23:18 +0900] "GET /servtest/green/list HTTP/1.1" 404 834
0:0:0:0:0:0:0:1 - - [03/Sep/2021:16:24:19 +0900] "GET /servtest/choco/chocoList.jsp HTTP/1.1" 404 828
127.0.0.1 - - [03/Sep/2021:16:24:52 +0900] "GET / HTTP/1.1" 404 807
0:0:0:0:0:0:0:1 - - [03/Sep/2021:16:24:52 +0900] "GET /servtest/green/list HTTP/1.1" 404 834
0:0:0:0:0:0:0:1 - - [03/Sep/2021:16:24:53 +0900] "GET /favicon.ico HTTP/1.1" 404 818
0:0:0:0:0:0:0:1 - - [03/Sep/2021:16:26:48 +0900] "GET /servtest/green/list HTTP/1.1" 404 834
0:0:0:0:0:0:0:1 - - [03/Sep/2021:16:26:53 +0900] "GET /servtest/green/list HTTP/1.1" 404 834
0:0:0:0:0:0:0:1 - - [03/Sep/2021:16:26:53 +0900] "GET /favicon.ico HTTP/1.1" 404 818
127.0.0.1 - - [03/Sep/2021:16:29:50 +0900] "GET / HTTP/1.1" 404 807
0:0:0:0:0:0:0:1 - - [03/Sep/2021:16:29:50 +0900] "GET /servtest/green/list HTTP/1.1" 404 834
127.0.0.1 - - [03/Sep/2021:16:32:14 +0900] "GET / HTTP/1.1" 404 807
0:0:0:0:0:0:0:1 - - [03/Sep/2021:16:32:15 +0900] "GET /servtest/green/list HTTP/1.1" 404 834
127.0.0.1 - - [03/Sep/2021:16:32:45 +0900] "GET / HTTP/1.1" 404 807
0:0:0:0:0:0:0:1 - - [03/Sep/2021:16:32:46 +0900] "GET /servtest/green/list HTTP/1.1" 404 834
0:0:0:0:0:0:0:1 - - [03/Sep/2021:16:38:55 +0900] "GET /servtest/green/list HTTP/1.1" 404 834
127.0.0.1 - - [03/Sep/2021:16:44:04 +0900] "GET / HTTP/1.1" 404 807
0:0:0:0:0:0:0:1 - - [03/Sep/2021:16:44:05 +0900] "GET /servtest/green/list HTTP/1.1" 404 834
127.0.0.1 - - [03/Sep/2021:16:45:28 +0900] "GET / HTTP/1.1" 404 807
0:0:0:0:0:0:0:1 - - [03/Sep/2021:16:45:28 +0900] "GET /servtest/green/list HTTP/1.1" 404 834
127.0.0.1 - - [03/Sep/2021:16:47:10 +0900] "GET / HTTP/1.1" 404 807
0:0:0:0:0:0:0:1 - - [03/Sep/2021:16:47:11 +0900] "GET /servtest/green/list HTTP/1.1" 404 834
0:0:0:0:0:0:0:1 - - [03/Sep/2021:16:47:14 +0900] "GET /servtest/green/list HTTP/1.1" 404 834
0:0:0:0:0:0:0:1 - - [03/Sep/2021:16:47:14 +0900] "GET /servtest/green/list HTTP/1.1" 404 834
127.0.0.1 - - [03/Sep/2021:16:47:32 +0900] "GET / HTTP/1.1" 404 807
0:0:0:0:0:0:0:1 - - [03/Sep/2021:16:47:33 +0900] "GET /sevlet0903/member/list HTTP/1.1" 200 1136
0:0:0:0:0:0:0:1 - - [03/Sep/2021:16:47:35 +0900] "GET /sevlet0903/member/update?no=13 HTTP/1.1" 200 562
127.0.0.1 - - [03/Sep/2021:16:57:38 +0900] "GET / HTTP/1.1" 404 807
0:0:0:0:0:0:0:1 - - [03/Sep/2021:16:57:38 +0900] "GET /servtest/green/list HTTP/1.1" 404 834
127.0.0.1 - - [03/Sep/2021:16:59:26 +0900] "GET / HTTP/1.1" 404 807
0:0:0:0:0:0:0:1 - - [03/Sep/2021:16:59:27 +0900] "GET /sevlet0903/member/list HTTP/1.1" 200 1136
0:0:0:0:0:0:0:1 - - [03/Sep/2021:17:07:26 +0900] "GET /servtest/green/list HTTP/1.1" 404 834
127.0.0.1 - - [03/Sep/2021:17:08:26 +0900] "GET / HTTP/1.1" 404 807
0:0:0:0:0:0:0:1 - - [03/Sep/2021:17:08:26 +0900] "GET /servtest/green/list HTTP/1.1" 404 834
127.0.0.1 - - [03/Sep/2021:17:14:04 +0900] "GET / HTTP/1.1" 404 807
0:0:0:0:0:0:0:1 - - [03/Sep/2021:17:14:05 +0900] "GET /sevlet0903/member/add HTTP/1.1" 200 143
0:0:0:0:0:0:0:1 - - [03/Sep/2021:17:17:56 +0900] "GET /sevlet0903/member/add HTTP/1.1" 200 459
0:0:0:0:0:0:0:1 - - [03/Sep/2021:17:18:03 +0900] "GET /sevlet0903/member/add HTTP/1.1" 200 455
0:0:0:0:0:0:0:1 - - [03/Sep/2021:17:18:07 +0900] "GET /sevlet0903/member/add HTTP/1.1" 200 455
0:0:0:0:0:0:0:1 - - [03/Sep/2021:17:18:08 +0900] "GET /sevlet0903/member/add HTTP/1.1" 200 455
0:0:0:0:0:0:0:1 - - [03/Sep/2021:17:18:11 +0900] "GET /sevlet0903/member/add HTTP/1.1" 200 455
0:0:0:0:0:0:0:1 - - [03/Sep/2021:17:18:11 +0900] "GET /sevlet0903/member/add HTTP/1.1" 200 456
0:0:0:0:0:0:0:1 - - [03/Sep/2021:17:18:12 +0900] "GET /sevlet0903/member/add HTTP/1.1" 200 456
0:0:0:0:0:0:0:1 - - [03/Sep/2021:17:18:12 +0900] "GET /sevlet0903/member/add HTTP/1.1" 200 456
0:0:0:0:0:0:0:1 - - [03/Sep/2021:17:18:45 +0900] "POST /sevlet0903/member/add HTTP/1.1" 200 106
0:0:0:0:0:0:0:1 - - [03/Sep/2021:17:18:46 +0900] "GET /sevlet0903/member/list HTTP/1.1" 200 1268
0:0:0:0:0:0:0:1 - - [03/Sep/2021:17:20:42 +0900] "GET /servtest/green/list HTTP/1.1" 404 834
127.0.0.1 - - [03/Sep/2021:17:22:29 +0900] "GET / HTTP/1.1" 404 807
0:0:0:0:0:0:0:1 - - [03/Sep/2021:17:22:30 +0900] "GET /servtest/green/list HTTP/1.1" 404 834
127.0.0.1 - - [03/Sep/2021:17:22:56 +0900] "GET / HTTP/1.1" 404 807
0:0:0:0:0:0:0:1 - - [03/Sep/2021:17:22:57 +0900] "GET /servtest/green/list HTTP/1.1" 404 834
127.0.0.1 - - [03/Sep/2021:17:24:24 +0900] "GET / HTTP/1.1" 404 807
0:0:0:0:0:0:0:1 - - [03/Sep/2021:17:24:25 +0900] "GET /servtest/green/list HTTP/1.1" 404 834
127.0.0.1 - - [03/Sep/2021:17:53:01 +0900] "GET / HTTP/1.1" 404 807
0:0:0:0:0:0:0:1 - - [03/Sep/2021:17:53:02 +0900] "GET /testAns/score/list HTTP/1.1" 404 833
0:0:0:0:0:0:0:1 - - [03/Sep/2021:17:53:02 +0900] "GET /favicon.ico HTTP/1.1" 404 818
127.0.0.1 - - [03/Sep/2021:17:54:25 +0900] "GET / HTTP/1.1" 404 807
0:0:0:0:0:0:0:1 - - [03/Sep/2021:17:54:26 +0900] "GET /testAns/score/list HTTP/1.1" 404 833
127.0.0.1 - - [03/Sep/2021:17:55:50 +0900] "GET / HTTP/1.1" 404 807
0:0:0:0:0:0:0:1 - - [03/Sep/2021:17:55:50 +0900] "GET /testAns/score/list HTTP/1.1" 404 833
127.0.0.1 - - [03/Sep/2021:17:56:32 +0900] "GET / HTTP/1.1" 404 807
0:0:0:0:0:0:0:1 - - [03/Sep/2021:17:56:32 +0900] "GET /testAns/score/list HTTP/1.1" 404 833
127.0.0.1 - - [03/Sep/2021:17:59:52 +0900] "GET / HTTP/1.1" 404 807
0:0:0:0:0:0:0:1 - - [03/Sep/2021:17:59:53 +0900] "GET /testAns/score/list HTTP/1.1" 404 833
127.0.0.1 - - [03/Sep/2021:18:02:50 +0900] "GET / HTTP/1.1" 404 807
0:0:0:0:0:0:0:1 - - [03/Sep/2021:18:02:50 +0900] "GET /testAns/score/list HTTP/1.1" 404 833
127.0.0.1 - - [03/Sep/2021:18:06:09 +0900] "GET / HTTP/1.1" 404 807
0:0:0:0:0:0:0:1 - - [03/Sep/2021:18:06:10 +0900] "GET /testAns/score/test HTTP/1.1" 404 833
127.0.0.1 - - [03/Sep/2021:18:06:29 +0900] "GET / HTTP/1.1" 404 807
0:0:0:0:0:0:0:1 - - [03/Sep/2021:18:06:29 +0900] "GET /testAns/score/test HTTP/1.1" 404 833
127.0.0.1 - - [03/Sep/2021:18:07:54 +0900] "GET / HTTP/1.1" 404 807
0:0:0:0:0:0:0:1 - - [03/Sep/2021:18:07:54 +0900] "GET /sevlet0903/MemberTest HTTP/1.1" 404 817
127.0.0.1 - - [03/Sep/2021:18:08:20 +0900] "GET / HTTP/1.1" 404 807
0:0:0:0:0:0:0:1 - - [03/Sep/2021:18:08:20 +0900] "GET /sevlet0903/MemberTest HTTP/1.1" 404 817
0:0:0:0:0:0:0:1 - - [03/Sep/2021:18:08:36 +0900] "GET /sevlet0903/member/list HTTP/1.1" 200 1268
0:0:0:0:0:0:0:1 - - [03/Sep/2021:18:08:36 +0900] "GET /favicon.ico HTTP/1.1" 404 818
127.0.0.1 - - [03/Sep/2021:18:08:53 +0900] "GET / HTTP/1.1" 404 807
0:0:0:0:0:0:0:1 - - [03/Sep/2021:18:08:53 +0900] "GET /sevlet0903/MemberTest HTTP/1.1" 200 131
0:0:0:0:0:0:0:1 - - [03/Sep/2021:18:09:18 +0900] "GET /sevlet0903/MemberTest HTTP/1.1" 200 131
127.0.0.1 - - [03/Sep/2021:18:09:37 +0900] "GET / HTTP/1.1" 404 807
0:0:0:0:0:0:0:1 - - [03/Sep/2021:18:09:38 +0900] "GET /sevlet0903/MemberTest HTTP/1.1" 200 456
0:0:0:0:0:0:0:1 - - [03/Sep/2021:18:10:57 +0900] "GET /testAns/score/test HTTP/1.1" 404 833
0:0:0:0:0:0:0:1 - - [03/Sep/2021:18:11:06 +0900] "GET /testAns/score/test HTTP/1.1" 404 833
127.0.0.1 - - [03/Sep/2021:18:12:00 +0900] "GET / HTTP/1.1" 404 807
0:0:0:0:0:0:0:1 - - [03/Sep/2021:18:12:00 +0900] "GET /testAns/score/test HTTP/1.1" 404 833
0:0:0:0:0:0:0:1 - - [03/Sep/2021:18:12:16 +0900] "GET /sevlet0903/MemberTest HTTP/1.1" 200 456
127.0.0.1 - - [03/Sep/2021:18:12:26 +0900] "GET / HTTP/1.1" 404 807
0:0:0:0:0:0:0:1 - - [03/Sep/2021:18:12:26 +0900] "GET /sevlet0903/MemberTest HTTP/1.1" 404 816
127.0.0.1 - - [03/Sep/2021:18:12:42 +0900] "GET / HTTP/1.1" 404 807
0:0:0:0:0:0:0:1 - - [03/Sep/2021:18:12:43 +0900] "GET /sevlet0903/MemberTest HTTP/1.1" 200 456
0:0:0:0:0:0:0:1 - - [03/Sep/2021:18:12:49 +0900] "GET /testAns/score/test HTTP/1.1" 404 833
0:0:0:0:0:0:0:1 - - [03/Sep/2021:18:17:30 +0900] "GET /sevlet0903/member/list HTTP/1.1" 200 1268
127.0.0.1 - - [03/Sep/2021:18:17:58 +0900] "GET / HTTP/1.1" 404 807
0:0:0:0:0:0:0:1 - - [03/Sep/2021:18:17:59 +0900] "GET /testAns/score/test HTTP/1.1" 404 833
127.0.0.1 - - [03/Sep/2021:18:22:51 +0900] "GET / HTTP/1.1" 404 721
0:0:0:0:0:0:0:1 - - [03/Sep/2021:18:22:51 +0900] "GET /score/list HTTP/1.1" 404 721
127.0.0.1 - - [03/Sep/2021:18:24:17 +0900] "GET / HTTP/1.1" 404 721
0:0:0:0:0:0:0:1 - - [03/Sep/2021:18:24:17 +0900] "GET /score/list HTTP/1.1" 404 721
0:0:0:0:0:0:0:1 - - [03/Sep/2021:18:24:27 +0900] "GET /score/test HTTP/1.1" 404 721
127.0.0.1 - - [03/Sep/2021:18:24:47 +0900] "GET / HTTP/1.1" 404 721
0:0:0:0:0:0:0:1 - - [03/Sep/2021:18:24:48 +0900] "GET /score/test HTTP/1.1" 404 721
127.0.0.1 - - [03/Sep/2021:18:29:36 +0900] "GET / HTTP/1.1" 404 721
0:0:0:0:0:0:0:1 - - [03/Sep/2021:18:29:36 +0900] "GET /score/test HTTP/1.1" 404 721
127.0.0.1 - - [03/Sep/2021:18:32:04 +0900] "GET / HTTP/1.1" 404 807
0:0:0:0:0:0:0:1 - - [03/Sep/2021:18:32:04 +0900] "GET /testAns/score/test HTTP/1.1" 404 833
127.0.0.1 - - [03/Sep/2021:18:32:48 +0900] "GET / HTTP/1.1" 404 807
0:0:0:0:0:0:0:1 - - [03/Sep/2021:18:32:48 +0900] "GET /testAns/score/test HTTP/1.1" 404 833
127.0.0.1 - - [03/Sep/2021:18:33:14 +0900] "GET / HTTP/1.1" 404 721
0:0:0:0:0:0:0:1 - - [03/Sep/2021:18:33:14 +0900] "GET /score/test HTTP/1.1" 404 721
0:0:0:0:0:0:0:1 - - [03/Sep/2021:18:33:35 +0900] "GET /score/test HTTP/1.1" 404 721
127.0.0.1 - - [03/Sep/2021:18:35:08 +0900] "GET / HTTP/1.1" 404 721
0:0:0:0:0:0:0:1 - - [03/Sep/2021:18:35:09 +0900] "GET /GradeWeb/grade/list HTTP/1.1" 200 373
0:0:0:0:0:0:0:1 - - [03/Sep/2021:18:35:11 +0900] "GET /GradeWeb/grade/input HTTP/1.1" 200 319
127.0.0.1 - - [03/Sep/2021:18:39:31 +0900] "GET / HTTP/1.1" 404 721
0:0:0:0:0:0:0:1 - - [03/Sep/2021:18:39:32 +0900] "GET /score/test HTTP/1.1" 404 721
127.0.0.1 - - [03/Sep/2021:18:40:18 +0900] "GET / HTTP/1.1" 404 721
0:0:0:0:0:0:0:1 - - [03/Sep/2021:18:40:19 +0900] "GET /sevlet0903/score/test HTTP/1.1" 200 145
127.0.0.1 - - [03/Sep/2021:18:42:12 +0900] "GET / HTTP/1.1" 404 807
0:0:0:0:0:0:0:1 - - [03/Sep/2021:18:42:13 +0900] "GET /sevlet0903/score/test HTTP/1.1" 200 145
127.0.0.1 - - [03/Sep/2021:18:44:21 +0900] "GET / HTTP/1.1" 404 807
0:0:0:0:0:0:0:1 - - [03/Sep/2021:18:44:22 +0900] "GET /testAns/score/test HTTP/1.1" 404 833
127.0.0.1 - - [03/Sep/2021:18:46:39 +0900] "GET / HTTP/1.1" 404 807
0:0:0:0:0:0:0:1 - - [03/Sep/2021:18:46:40 +0900] "GET /sevlet0903/score/list HTTP/1.1" 404 836
0:0:0:0:0:0:0:1 - - [03/Sep/2021:18:46:46 +0900] "GET /sevlet0903/score/test HTTP/1.1" 404 836
0:0:0:0:0:0:0:1 - - [03/Sep/2021:18:46:57 +0900] "GET /sevlet0903/score/test HTTP/1.1" 404 836
0:0:0:0:0:0:0:1 - - [03/Sep/2021:18:47:10 +0900] "GET /sevlet0903/score/test HTTP/1.1" 404 836
0:0:0:0:0:0:0:1 - - [03/Sep/2021:18:47:10 +0900] "GET /favicon.ico HTTP/1.1" 404 818
127.0.0.1 - - [03/Sep/2021:18:48:34 +0900] "GET / HTTP/1.1" 404 807
0:0:0:0:0:0:0:1 - - [03/Sep/2021:18:48:35 +0900] "GET /score/test HTTP/1.1" 200 145
127.0.0.1 - - [03/Sep/2021:18:49:45 +0900] "GET / HTTP/1.1" 404 807
0:0:0:0:0:0:0:1 - - [03/Sep/2021:18:49:45 +0900] "GET /sevlet0903/score/test HTTP/1.1" 404 836
127.0.0.1 - - [03/Sep/2021:18:51:26 +0900] "GET / HTTP/1.1" 404 807
0:0:0:0:0:0:0:1 - - [03/Sep/2021:18:51:27 +0900] "GET /testAns/score/test HTTP/1.1" 404 833
127.0.0.1 - - [03/Sep/2021:18:52:09 +0900] "GET / HTTP/1.1" 404 721
0:0:0:0:0:0:0:1 - - [03/Sep/2021:18:52:10 +0900] "GET /testAns/score/test HTTP/1.1" 404 721
0:0:0:0:0:0:0:1 - - [03/Sep/2021:18:55:46 +0900] "GET /score/test HTTP/1.1" 404 721
127.0.0.1 - - [03/Sep/2021:18:57:12 +0900] "GET / HTTP/1.1" 404 807
0:0:0:0:0:0:0:1 - - [03/Sep/2021:18:57:13 +0900] "GET /sevlet0903/score/test HTTP/1.1" 200 145
127.0.0.1 - - [03/Sep/2021:18:58:25 +0900] "GET / HTTP/1.1" 404 807
0:0:0:0:0:0:0:1 - - [03/Sep/2021:18:58:26 +0900] "GET /sevlet0903/score/test HTTP/1.1" 200 145
127.0.0.1 - - [03/Sep/2021:18:59:28 +0900] "GET / HTTP/1.1" 404 807
0:0:0:0:0:0:0:1 - - [03/Sep/2021:18:59:29 +0900] "GET /sevlet0903/score/test HTTP/1.1" 404 836
127.0.0.1 - - [03/Sep/2021:18:59:45 +0900] "GET / HTTP/1.1" 404 807
0:0:0:0:0:0:0:1 - - [03/Sep/2021:18:59:46 +0900] "GET /sevlet0903/score/test HTTP/1.1" 200 145
127.0.0.1 - - [03/Sep/2021:19:04:17 +0900] "GET / HTTP/1.1" 404 807
0:0:0:0:0:0:0:1 - - [03/Sep/2021:19:04:18 +0900] "GET /testAns/score/test HTTP/1.1" 404 833
127.0.0.1 - - [03/Sep/2021:19:04:40 +0900] "GET / HTTP/1.1" 404 807
0:0:0:0:0:0:0:1 - - [03/Sep/2021:19:04:41 +0900] "GET /testAns/score/test HTTP/1.1" 200 145
0:0:0:0:0:0:0:1 - - [03/Sep/2021:19:04:41 +0900] "GET /favicon.ico HTTP/1.1" 404 818
0:0:0:0:0:0:0:1 - - [03/Sep/2021:19:05:34 +0900] "GET /testAns/score/list HTTP/1.1" 200 145
0:0:0:0:0:0:0:1 - - [03/Sep/2021:19:05:48 +0900] "GET /testAns/score/list HTTP/1.1" 200 145
0:0:0:0:0:0:0:1 - - [03/Sep/2021:19:05:49 +0900] "GET /favicon.ico HTTP/1.1" 404 818
127.0.0.1 - - [03/Sep/2021:19:21:27 +0900] "GET / HTTP/1.1" 404 807
0:0:0:0:0:0:0:1 - - [03/Sep/2021:19:21:28 +0900] "GET /sevlet0903/member/list HTTP/1.1" 200 1268
0:0:0:0:0:0:0:1 - - [03/Sep/2021:19:25:13 +0900] "GET /testAns/score/list HTTP/1.1" 200 185
127.0.0.1 - - [03/Sep/2021:19:28:48 +0900] "GET / HTTP/1.1" 404 807
0:0:0:0:0:0:0:1 - - [03/Sep/2021:19:28:49 +0900] "GET /testAns/score/list HTTP/1.1" 200 271
0:0:0:0:0:0:0:1 - - [03/Sep/2021:19:29:31 +0900] "GET /testAns/score/ScoreList.jsp HTTP/1.1" 200 131
0:0:0:0:0:0:0:1 - - [03/Sep/2021:19:29:37 +0900] "GET /testAns/score/list HTTP/1.1" 200 276
0:0:0:0:0:0:0:1 - - [03/Sep/2021:19:30:10 +0900] "GET /testAns/score/list HTTP/1.1" 200 277
0:0:0:0:0:0:0:1 - - [03/Sep/2021:19:30:18 +0900] "GET /testAns/score/ScoreList.jsp HTTP/1.1" 200 131
0:0:0:0:0:0:0:1 - - [03/Sep/2021:19:30:22 +0900] "GET /testAns/score/list HTTP/1.1" 200 277
0:0:0:0:0:0:0:1 - - [03/Sep/2021:19:30:31 +0900] "GET /testAns/score/list HTTP/1.1" 200 277
0:0:0:0:0:0:0:1 - - [03/Sep/2021:19:30:33 +0900] "GET /testAns/score/list HTTP/1.1" 200 277
0:0:0:0:0:0:0:1 - - [03/Sep/2021:19:30:36 +0900] "GET /testAns/score/list HTTP/1.1" 200 277
0:0:0:0:0:0:0:1 - - [03/Sep/2021:19:30:40 +0900] "GET /testAns/score/list HTTP/1.1" 200 277
0:0:0:0:0:0:0:1 - - [03/Sep/2021:19:30:48 +0900] "GET /testAns/score/list HTTP/1.1" 200 271
0:0:0:0:0:0:0:1 - - [03/Sep/2021:19:31:22 +0900] "GET /testAns/score/list HTTP/1.1" 200 265
0:0:0:0:0:0:0:1 - - [03/Sep/2021:19:32:37 +0900] "GET /sevlet0903/member/update?no=1 HTTP/1.1" 404 839
0:0:0:0:0:0:0:1 - - [03/Sep/2021:19:32:39 +0900] "GET /sevlet0903/member/update?no=7 HTTP/1.1" 404 839
0:0:0:0:0:0:0:1 - - [03/Sep/2021:19:32:42 +0900] "GET /sevlet0903/member/delete?no=7 HTTP/1.1" 404 839
