127.0.0.1 - - [02/Sep/2021:10:27:00 +0900] "GET / HTTP/1.1" 404 807
0:0:0:0:0:0:0:1 - - [02/Sep/2021:10:27:01 +0900] "GET /webTest/member/list HTTP/1.1" 200 19
127.0.0.1 - - [02/Sep/2021:10:28:08 +0900] "GET / HTTP/1.1" 404 807
0:0:0:0:0:0:0:1 - - [02/Sep/2021:10:28:09 +0900] "GET /webTest/member/list HTTP/1.1" 200 19
0:0:0:0:0:0:0:1 - - [02/Sep/2021:10:29:12 +0900] "GET /webTest/member/list HTTP/1.1" 200 19
0:0:0:0:0:0:0:1 - - [02/Sep/2021:10:29:12 +0900] "GET /favicon.ico HTTP/1.1" 404 818
127.0.0.1 - - [02/Sep/2021:10:46:49 +0900] "GET / HTTP/1.1" 404 807
0:0:0:0:0:0:0:1 - - [02/Sep/2021:10:46:49 +0900] "GET /webTest/member/list HTTP/1.1" 500 1143
127.0.0.1 - - [02/Sep/2021:10:52:42 +0900] "GET / HTTP/1.1" 404 807
0:0:0:0:0:0:0:1 - - [02/Sep/2021:10:52:43 +0900] "GET /webTest/member/list HTTP/1.1" 500 1143
127.0.0.1 - - [02/Sep/2021:11:04:18 +0900] "GET / HTTP/1.1" 404 807
0:0:0:0:0:0:0:1 - - [02/Sep/2021:11:04:20 +0900] "GET /webTest/member/list HTTP/1.1" 500 1143
0:0:0:0:0:0:0:1 - - [02/Sep/2021:11:04:20 +0900] "GET /favicon.ico HTTP/1.1" 404 818
127.0.0.1 - - [02/Sep/2021:11:08:28 +0900] "GET / HTTP/1.1" 404 807
0:0:0:0:0:0:0:1 - - [02/Sep/2021:11:08:29 +0900] "GET /webTest/member/list HTTP/1.1" 500 1143
127.0.0.1 - - [02/Sep/2021:11:22:53 +0900] "GET / HTTP/1.1" 404 807
0:0:0:0:0:0:0:1 - - [02/Sep/2021:11:22:54 +0900] "GET /webTest/member/list HTTP/1.1" 500 1143
127.0.0.1 - - [02/Sep/2021:11:23:30 +0900] "GET / HTTP/1.1" 404 807
0:0:0:0:0:0:0:1 - - [02/Sep/2021:11:23:31 +0900] "GET /webTest/member/list HTTP/1.1" 500 1143
127.0.0.1 - - [02/Sep/2021:11:24:10 +0900] "GET / HTTP/1.1" 404 807
0:0:0:0:0:0:0:1 - - [02/Sep/2021:11:24:11 +0900] "GET /webTest/member/list HTTP/1.1" 500 1143
127.0.0.1 - - [02/Sep/2021:11:28:54 +0900] "GET / HTTP/1.1" 404 807
0:0:0:0:0:0:0:1 - - [02/Sep/2021:11:28:55 +0900] "GET /webTest/member/list HTTP/1.1" 500 1143
127.0.0.1 - - [02/Sep/2021:11:30:24 +0900] "GET / HTTP/1.1" 404 807
0:0:0:0:0:0:0:1 - - [02/Sep/2021:11:30:25 +0900] "GET /webTest/member/list HTTP/1.1" 500 1143
127.0.0.1 - - [02/Sep/2021:11:35:30 +0900] "GET / HTTP/1.1" 404 807
0:0:0:0:0:0:0:1 - - [02/Sep/2021:11:35:31 +0900] "GET /webTest/member/list HTTP/1.1" 500 1143
127.0.0.1 - - [02/Sep/2021:11:41:17 +0900] "GET / HTTP/1.1" 404 807
0:0:0:0:0:0:0:1 - - [02/Sep/2021:11:41:18 +0900] "GET /webTest/member/list HTTP/1.1" 500 1143
127.0.0.1 - - [02/Sep/2021:11:43:00 +0900] "GET / HTTP/1.1" 404 807
0:0:0:0:0:0:0:1 - - [02/Sep/2021:11:43:01 +0900] "GET /webTest/a HTTP/1.1" 500 1143
127.0.0.1 - - [02/Sep/2021:11:44:43 +0900] "GET / HTTP/1.1" 404 807
0:0:0:0:0:0:0:1 - - [02/Sep/2021:11:44:44 +0900] "GET /webTest/a HTTP/1.1" 500 1143
127.0.0.1 - - [02/Sep/2021:11:46:10 +0900] "GET / HTTP/1.1" 404 807
0:0:0:0:0:0:0:1 - - [02/Sep/2021:11:46:11 +0900] "GET /webTest/a HTTP/1.1" 500 1143
127.0.0.1 - - [02/Sep/2021:11:47:09 +0900] "GET / HTTP/1.1" 404 807
0:0:0:0:0:0:0:1 - - [02/Sep/2021:11:47:10 +0900] "GET /webTest/a HTTP/1.1" 500 1143
127.0.0.1 - - [02/Sep/2021:11:47:48 +0900] "GET / HTTP/1.1" 404 807
0:0:0:0:0:0:0:1 - - [02/Sep/2021:11:47:49 +0900] "GET /webTest/a HTTP/1.1" 500 1143
127.0.0.1 - - [02/Sep/2021:11:50:18 +0900] "GET / HTTP/1.1" 404 807
0:0:0:0:0:0:0:1 - - [02/Sep/2021:11:50:19 +0900] "GET /webTest/a HTTP/1.1" 500 1143
127.0.0.1 - - [02/Sep/2021:11:50:59 +0900] "GET / HTTP/1.1" 404 807
0:0:0:0:0:0:0:1 - - [02/Sep/2021:11:50:59 +0900] "GET /webTest/a HTTP/1.1" 200 -
127.0.0.1 - - [02/Sep/2021:12:03:20 +0900] "GET / HTTP/1.1" 404 807
0:0:0:0:0:0:0:1 - - [02/Sep/2021:12:03:21 +0900] "GET /webTest/a HTTP/1.1" 500 1143
127.0.0.1 - - [02/Sep/2021:12:03:58 +0900] "GET / HTTP/1.1" 404 807
0:0:0:0:0:0:0:1 - - [02/Sep/2021:12:03:59 +0900] "GET /webTest/a HTTP/1.1" 500 1143
127.0.0.1 - - [02/Sep/2021:12:04:21 +0900] "GET / HTTP/1.1" 404 807
0:0:0:0:0:0:0:1 - - [02/Sep/2021:12:05:02 +0900] "GET /webTest/a HTTP/1.1" 200 124
127.0.0.1 - - [02/Sep/2021:12:25:14 +0900] "GET / HTTP/1.1" 404 807
0:0:0:0:0:0:0:1 - - [02/Sep/2021:12:25:15 +0900] "GET /webTest/a HTTP/1.1" 200 124
127.0.0.1 - - [02/Sep/2021:12:32:54 +0900] "GET / HTTP/1.1" 404 807
0:0:0:0:0:0:0:1 - - [02/Sep/2021:12:32:55 +0900] "GET /webTest/a HTTP/1.1" 200 149
127.0.0.1 - - [02/Sep/2021:12:33:27 +0900] "GET / HTTP/1.1" 404 807
0:0:0:0:0:0:0:1 - - [02/Sep/2021:12:33:28 +0900] "GET /webTest/a HTTP/1.1" 200 158
0:0:0:0:0:0:0:1 - - [02/Sep/2021:12:33:45 +0900] "GET /webTest/a HTTP/1.1" 200 158
0:0:0:0:0:0:0:1 - - [02/Sep/2021:12:33:46 +0900] "GET /webTest/a HTTP/1.1" 200 158
0:0:0:0:0:0:0:1 - - [02/Sep/2021:12:33:46 +0900] "GET /webTest/a HTTP/1.1" 200 158
127.0.0.1 - - [02/Sep/2021:12:33:52 +0900] "GET / HTTP/1.1" 404 807
0:0:0:0:0:0:0:1 - - [02/Sep/2021:12:33:53 +0900] "GET /webTest/a HTTP/1.1" 200 141
0:0:0:0:0:0:0:1 - - [02/Sep/2021:12:34:32 +0900] "GET /webTest/a HTTP/1.1" 200 141
127.0.0.1 - - [02/Sep/2021:12:37:24 +0900] "GET / HTTP/1.1" 404 807
0:0:0:0:0:0:0:1 - - [02/Sep/2021:12:37:26 +0900] "GET /webTest/a HTTP/1.1" 200 141
0:0:0:0:0:0:0:1 - - [02/Sep/2021:12:37:26 +0900] "GET /favicon.ico HTTP/1.1" 404 818
0:0:0:0:0:0:0:1 - - [02/Sep/2021:12:37:48 +0900] "GET /webTest/a HTTP/1.1" 200 281
127.0.0.1 - - [02/Sep/2021:12:40:44 +0900] "GET / HTTP/1.1" 404 807
0:0:0:0:0:0:0:1 - - [02/Sep/2021:12:40:45 +0900] "GET /webTest/a HTTP/1.1" 200 281
127.0.0.1 - - [02/Sep/2021:12:43:40 +0900] "GET / HTTP/1.1" 404 807
0:0:0:0:0:0:0:1 - - [02/Sep/2021:12:43:49 +0900] "GET /webTest/a HTTP/1.1" 200 281
127.0.0.1 - - [02/Sep/2021:12:43:58 +0900] "GET / HTTP/1.1" 404 807
0:0:0:0:0:0:0:1 - - [02/Sep/2021:12:43:59 +0900] "GET /webTest/a HTTP/1.1" 200 324
0:0:0:0:0:0:0:1 - - [02/Sep/2021:12:43:59 +0900] "GET /favicon.ico HTTP/1.1" 404 818
0:0:0:0:0:0:0:1 - - [02/Sep/2021:12:44:00 +0900] "GET /webTest/add HTTP/1.1" 404 822
127.0.0.1 - - [02/Sep/2021:12:48:36 +0900] "GET / HTTP/1.1" 404 807
0:0:0:0:0:0:0:1 - - [02/Sep/2021:12:48:37 +0900] "GET /webTest/a HTTP/1.1" 200 592
0:0:0:0:0:0:0:1 - - [02/Sep/2021:12:48:39 +0900] "GET /webTest/update?no=1 HTTP/1.1" 404 825
127.0.0.1 - - [02/Sep/2021:12:49:20 +0900] "GET / HTTP/1.1" 404 807
0:0:0:0:0:0:0:1 - - [02/Sep/2021:12:49:21 +0900] "GET /webTest/a HTTP/1.1" 200 592
0:0:0:0:0:0:0:1 - - [02/Sep/2021:12:49:22 +0900] "GET /webTest/update?no=1 HTTP/1.1" 404 825
0:0:0:0:0:0:0:1 - - [02/Sep/2021:12:49:26 +0900] "GET /webTest/update?no=3 HTTP/1.1" 404 825
0:0:0:0:0:0:0:1 - - [02/Sep/2021:12:49:28 +0900] "GET /webTest/update?no=4 HTTP/1.1" 404 825
0:0:0:0:0:0:0:1 - - [02/Sep/2021:12:49:29 +0900] "GET /webTest/update?no=6 HTTP/1.1" 404 825
0:0:0:0:0:0:0:1 - - [02/Sep/2021:12:49:31 +0900] "GET /webTest/update?no=5 HTTP/1.1" 404 825
0:0:0:0:0:0:0:1 - - [02/Sep/2021:12:49:37 +0900] "GET /webTest/add HTTP/1.1" 404 822
0:0:0:0:0:0:0:1 - - [02/Sep/2021:12:49:39 +0900] "GET /webTest/update?no=1 HTTP/1.1" 404 825
0:0:0:0:0:0:0:1 - - [02/Sep/2021:12:49:41 +0900] "GET /webTest/update?no=6 HTTP/1.1" 404 825
127.0.0.1 - - [02/Sep/2021:12:50:25 +0900] "GET / HTTP/1.1" 404 807
0:0:0:0:0:0:0:1 - - [02/Sep/2021:12:50:26 +0900] "GET /webTest/a HTTP/1.1" 200 617
0:0:0:0:0:0:0:1 - - [02/Sep/2021:12:50:27 +0900] "GET /favicon.ico HTTP/1.1" 404 818
0:0:0:0:0:0:0:1 - - [02/Sep/2021:12:50:28 +0900] "GET /webTest/update?no=1 HTTP/1.1" 404 825
0:0:0:0:0:0:0:1 - - [02/Sep/2021:12:50:30 +0900] "GET /webTest/delete?no=1 HTTP/1.1" 404 825
127.0.0.1 - - [02/Sep/2021:12:51:05 +0900] "GET / HTTP/1.1" 404 807
0:0:0:0:0:0:0:1 - - [02/Sep/2021:12:51:09 +0900] "GET /webTest/a HTTP/1.1" 404 820
0:0:0:0:0:0:0:1 - - [02/Sep/2021:12:51:10 +0900] "GET /webTest/a HTTP/1.1" 404 820
0:0:0:0:0:0:0:1 - - [02/Sep/2021:12:51:11 +0900] "GET /webTest/a HTTP/1.1" 404 820
127.0.0.1 - - [02/Sep/2021:12:51:34 +0900] "GET / HTTP/1.1" 404 807
0:0:0:0:0:0:0:1 - - [02/Sep/2021:12:51:35 +0900] "GET /webTest/members/list HTTP/1.1" 200 617
0:0:0:0:0:0:0:1 - - [02/Sep/2021:12:51:36 +0900] "GET /webTest/members/add HTTP/1.1" 404 834
0:0:0:0:0:0:0:1 - - [02/Sep/2021:12:51:38 +0900] "GET /webTest/members/update?no=1 HTTP/1.1" 404 837
127.0.0.1 - - [02/Sep/2021:12:53:40 +0900] "GET / HTTP/1.1" 404 807
0:0:0:0:0:0:0:1 - - [02/Sep/2021:12:53:41 +0900] "GET /webTest/members/list HTTP/1.1" 200 617
0:0:0:0:0:0:0:1 - - [02/Sep/2021:12:53:53 +0900] "GET /webTest/members/add HTTP/1.1" 404 834
127.0.0.1 - - [02/Sep/2021:12:54:37 +0900] "GET / HTTP/1.1" 404 807
0:0:0:0:0:0:0:1 - - [02/Sep/2021:12:54:38 +0900] "GET /webTest/member/list HTTP/1.1" 200 617
0:0:0:0:0:0:0:1 - - [02/Sep/2021:12:54:38 +0900] "GET /favicon.ico HTTP/1.1" 404 818
0:0:0:0:0:0:0:1 - - [02/Sep/2021:12:54:39 +0900] "GET /webTest/member/add HTTP/1.1" 200 -
127.0.0.1 - - [02/Sep/2021:12:55:07 +0900] "GET / HTTP/1.1" 404 807
0:0:0:0:0:0:0:1 - - [02/Sep/2021:12:55:08 +0900] "GET /webTest/member/list HTTP/1.1" 200 615
0:0:0:0:0:0:0:1 - - [02/Sep/2021:12:55:08 +0900] "GET /webTest/member/p HTTP/1.1" 200 -
0:0:0:0:0:0:0:1 - - [02/Sep/2021:12:57:48 +0900] "GET /webTest/member/p HTTP/1.1" 200 -
0:0:0:0:0:0:0:1 - - [02/Sep/2021:12:58:10 +0900] "GET /webTest/member/p HTTP/1.1" 200 -
127.0.0.1 - - [02/Sep/2021:12:58:27 +0900] "GET / HTTP/1.1" 404 807
0:0:0:0:0:0:0:1 - - [02/Sep/2021:12:58:32 +0900] "GET /webTest/member/list HTTP/1.1" 200 617
0:0:0:0:0:0:0:1 - - [02/Sep/2021:12:58:32 +0900] "GET /webTest/member/add HTTP/1.1" 404 833
0:0:0:0:0:0:0:1 - - [02/Sep/2021:12:58:35 +0900] "GET /webTest/member/add HTTP/1.1" 404 833
127.0.0.1 - - [02/Sep/2021:13:04:11 +0900] "GET / HTTP/1.1" 404 807
0:0:0:0:0:0:0:1 - - [02/Sep/2021:13:04:12 +0900] "GET /webTest/member/add HTTP/1.1" 200 362
0:0:0:0:0:0:0:1 - - [02/Sep/2021:13:04:21 +0900] "GET /webTest/member/list HTTP/1.1" 200 617
0:0:0:0:0:0:0:1 - - [02/Sep/2021:13:04:21 +0900] "GET /favicon.ico HTTP/1.1" 404 818
0:0:0:0:0:0:0:1 - - [02/Sep/2021:13:04:22 +0900] "GET /webTest/member/add HTTP/1.1" 200 362
0:0:0:0:0:0:0:1 - - [02/Sep/2021:13:04:44 +0900] "POST /webTest/member/add HTTP/1.1" 200 362
0:0:0:0:0:0:0:1 - - [02/Sep/2021:13:04:49 +0900] "GET /webTest/member/add HTTP/1.1" 200 362
0:0:0:0:0:0:0:1 - - [02/Sep/2021:13:04:59 +0900] "GET /webTest/member/add HTTP/1.1" 200 362
127.0.0.1 - - [02/Sep/2021:14:45:00 +0900] "GET / HTTP/1.1" 404 807
0:0:0:0:0:0:0:1 - - [02/Sep/2021:14:45:01 +0900] "GET /webTest/member/list HTTP/1.1" 200 617
0:0:0:0:0:0:0:1 - - [02/Sep/2021:14:45:03 +0900] "GET /webTest/member/add HTTP/1.1" 200 411
0:0:0:0:0:0:0:1 - - [02/Sep/2021:14:45:31 +0900] "POST /webTest/member/add HTTP/1.1" 500 1142
127.0.0.1 - - [02/Sep/2021:14:48:26 +0900] "GET / HTTP/1.1" 404 807
0:0:0:0:0:0:0:1 - - [02/Sep/2021:14:48:27 +0900] "GET /webTest/member/list HTTP/1.1" 200 617
0:0:0:0:0:0:0:1 - - [02/Sep/2021:14:48:28 +0900] "GET /webTest/member/add HTTP/1.1" 200 411
0:0:0:0:0:0:0:1 - - [02/Sep/2021:14:48:42 +0900] "POST /webTest/member/add HTTP/1.1" 500 1142
127.0.0.1 - - [02/Sep/2021:14:51:06 +0900] "GET / HTTP/1.1" 404 807
0:0:0:0:0:0:0:1 - - [02/Sep/2021:14:51:30 +0900] "GET /webTest/member/list HTTP/1.1" 200 617
0:0:0:0:0:0:0:1 - - [02/Sep/2021:14:51:32 +0900] "GET /webTest/member/add HTTP/1.1" 200 411
0:0:0:0:0:0:0:1 - - [02/Sep/2021:14:51:35 +0900] "POST /webTest/member/add HTTP/1.1" 500 1142
0:0:0:0:0:0:0:1 - - [02/Sep/2021:14:51:47 +0900] "GET /webTest/member/list HTTP/1.1" 200 617
0:0:0:0:0:0:0:1 - - [02/Sep/2021:14:51:54 +0900] "GET /webTest/member/add HTTP/1.1" 200 411
0:0:0:0:0:0:0:1 - - [02/Sep/2021:14:51:55 +0900] "POST /webTest/member/add HTTP/1.1" 500 1142
0:0:0:0:0:0:0:1 - - [02/Sep/2021:14:52:20 +0900] "POST /webTest/member/add HTTP/1.1" 500 1142
127.0.0.1 - - [02/Sep/2021:14:53:38 +0900] "GET / HTTP/1.1" 404 807
0:0:0:0:0:0:0:1 - - [02/Sep/2021:14:53:39 +0900] "GET /webTest/member/list HTTP/1.1" 200 617
0:0:0:0:0:0:0:1 - - [02/Sep/2021:14:53:40 +0900] "GET /favicon.ico HTTP/1.1" 404 818
0:0:0:0:0:0:0:1 - - [02/Sep/2021:14:53:40 +0900] "GET /webTest/member/add HTTP/1.1" 200 411
0:0:0:0:0:0:0:1 - - [02/Sep/2021:14:53:50 +0900] "POST /webTest/member/add HTTP/1.1" 500 1142
127.0.0.1 - - [02/Sep/2021:14:55:41 +0900] "GET / HTTP/1.1" 404 807
0:0:0:0:0:0:0:1 - - [02/Sep/2021:14:55:52 +0900] "GET /webTest/member/list HTTP/1.1" 200 617
0:0:0:0:0:0:0:1 - - [02/Sep/2021:14:55:52 +0900] "GET /favicon.ico HTTP/1.1" 404 818
0:0:0:0:0:0:0:1 - - [02/Sep/2021:14:55:53 +0900] "GET /webTest/member/add HTTP/1.1" 200 411
0:0:0:0:0:0:0:1 - - [02/Sep/2021:14:55:56 +0900] "POST /webTest/member/add HTTP/1.1" 500 1142
127.0.0.1 - - [02/Sep/2021:14:57:45 +0900] "GET / HTTP/1.1" 404 807
0:0:0:0:0:0:0:1 - - [02/Sep/2021:14:57:46 +0900] "GET /webTest/member/list HTTP/1.1" 200 617
0:0:0:0:0:0:0:1 - - [02/Sep/2021:14:57:47 +0900] "GET /webTest/member/add HTTP/1.1" 200 408
0:0:0:0:0:0:0:1 - - [02/Sep/2021:14:57:50 +0900] "POST /webTest/member/add HTTP/1.1" 200 106
127.0.0.1 - - [02/Sep/2021:15:02:00 +0900] "GET / HTTP/1.1" 404 807
0:0:0:0:0:0:0:1 - - [02/Sep/2021:15:02:01 +0900] "GET /webTest/member/list HTTP/1.1" 500 116
0:0:0:0:0:0:0:1 - - [02/Sep/2021:15:02:04 +0900] "GET /webTest/member/add HTTP/1.1" 200 408
0:0:0:0:0:0:0:1 - - [02/Sep/2021:15:02:13 +0900] "POST /webTest/member/add HTTP/1.1" 500 1142
0:0:0:0:0:0:0:1 - - [02/Sep/2021:15:02:17 +0900] "POST /webTest/member/add HTTP/1.1" 500 1142
0:0:0:0:0:0:0:1 - - [02/Sep/2021:15:02:19 +0900] "POST /webTest/member/add HTTP/1.1" 500 1142
0:0:0:0:0:0:0:1 - - [02/Sep/2021:15:02:24 +0900] "POST /webTest/member/add HTTP/1.1" 500 1142
127.0.0.1 - - [02/Sep/2021:15:04:22 +0900] "GET / HTTP/1.1" 404 807
0:0:0:0:0:0:0:1 - - [02/Sep/2021:15:04:23 +0900] "GET /webTest/member/list HTTP/1.1" 500 116
0:0:0:0:0:0:0:1 - - [02/Sep/2021:15:04:24 +0900] "GET /webTest/member/add HTTP/1.1" 200 408
0:0:0:0:0:0:0:1 - - [02/Sep/2021:15:04:30 +0900] "POST /webTest/member/add HTTP/1.1" 500 1142
127.0.0.1 - - [02/Sep/2021:15:05:27 +0900] "GET / HTTP/1.1" 404 807
0:0:0:0:0:0:0:1 - - [02/Sep/2021:15:05:28 +0900] "GET /webTest/member/list HTTP/1.1" 500 116
0:0:0:0:0:0:0:1 - - [02/Sep/2021:15:05:28 +0900] "GET /webTest/member/add HTTP/1.1" 200 408
0:0:0:0:0:0:0:1 - - [02/Sep/2021:15:05:33 +0900] "POST /webTest/member/add HTTP/1.1" 200 106
127.0.0.1 - - [02/Sep/2021:15:07:37 +0900] "GET / HTTP/1.1" 404 807
0:0:0:0:0:0:0:1 - - [02/Sep/2021:15:07:38 +0900] "GET /webTest/member/list HTTP/1.1" 500 116
127.0.0.1 - - [02/Sep/2021:15:08:10 +0900] "GET / HTTP/1.1" 404 807
0:0:0:0:0:0:0:1 - - [02/Sep/2021:15:08:11 +0900] "GET /webTest/member/list HTTP/1.1" 200 903
127.0.0.1 - - [02/Sep/2021:15:09:24 +0900] "GET / HTTP/1.1" 404 807
0:0:0:0:0:0:0:1 - - [02/Sep/2021:15:09:25 +0900] "GET /webTest/member/list HTTP/1.1" 200 929
0:0:0:0:0:0:0:1 - - [02/Sep/2021:15:21:43 +0900] "GET /webTest/member/add HTTP/1.1" 200 408
0:0:0:0:0:0:0:1 - - [02/Sep/2021:15:21:56 +0900] "POST /webTest/member/add HTTP/1.1" 500 1142
0:0:0:0:0:0:0:1 - - [02/Sep/2021:15:22:06 +0900] "POST /webTest/member/add HTTP/1.1" 200 106
0:0:0:0:0:0:0:1 - - [02/Sep/2021:15:22:10 +0900] "GET /webTest/member/list HTTP/1.1" 200 1033
127.0.0.1 - - [02/Sep/2021:15:24:42 +0900] "GET / HTTP/1.1" 404 807
0:0:0:0:0:0:0:1 - - [02/Sep/2021:15:24:43 +0900] "GET /webTest/member/add HTTP/1.1" 200 408
127.0.0.1 - - [02/Sep/2021:15:25:19 +0900] "GET / HTTP/1.1" 404 807
0:0:0:0:0:0:0:1 - - [02/Sep/2021:15:25:20 +0900] "GET /webTest/member/list HTTP/1.1" 200 1033
0:0:0:0:0:0:0:1 - - [02/Sep/2021:15:25:22 +0900] "GET /webTest/member/add HTTP/1.1" 200 408
0:0:0:0:0:0:0:1 - - [02/Sep/2021:15:25:35 +0900] "POST /webTest/member/add HTTP/1.1" 200 106
0:0:0:0:0:0:0:1 - - [02/Sep/2021:15:25:39 +0900] "GET /webTest/member/list HTTP/1.1" 200 1164
127.0.0.1 - - [02/Sep/2021:15:45:03 +0900] "GET / HTTP/1.1" 404 807
0:0:0:0:0:0:0:1 - - [02/Sep/2021:15:45:03 +0900] "GET /webTest/member/list HTTP/1.1" 404 834
0:0:0:0:0:0:0:1 - - [02/Sep/2021:15:45:11 +0900] "GET /webTest/member/list HTTP/1.1" 404 834
0:0:0:0:0:0:0:1 - - [02/Sep/2021:15:45:22 +0900] "GET /webTest/member/add HTTP/1.1" 404 833
127.0.0.1 - - [02/Sep/2021:15:45:48 +0900] "GET / HTTP/1.1" 404 807
0:0:0:0:0:0:0:1 - - [02/Sep/2021:15:45:48 +0900] "GET /webTest/member/list HTTP/1.1" 404 834
127.0.0.1 - - [02/Sep/2021:15:47:27 +0900] "GET / HTTP/1.1" 404 807
0:0:0:0:0:0:0:1 - - [02/Sep/2021:15:47:27 +0900] "GET /webTest/member/list HTTP/1.1" 404 834
0:0:0:0:0:0:0:1 - - [02/Sep/2021:15:49:48 +0900] "GET /webTest/member/list HTTP/1.1" 404 834
127.0.0.1 - - [02/Sep/2021:15:50:07 +0900] "GET / HTTP/1.1" 404 807
0:0:0:0:0:0:0:1 - - [02/Sep/2021:15:50:07 +0900] "GET /webTest/WEB-INF/classes/green/filters/CharacterEncodingFilter.java HTTP/1.1" 404 893
0:0:0:0:0:0:0:1 - - [02/Sep/2021:15:50:28 +0900] "GET /webTest/member/list HTTP/1.1" 404 834
0:0:0:0:0:0:0:1 - - [02/Sep/2021:15:50:32 +0900] "GET /webTest/member/list HTTP/1.1" 404 834
0:0:0:0:0:0:0:1 - - [02/Sep/2021:15:50:36 +0900] "GET /webTest/member/list HTTP/1.1" 404 834
127.0.0.1 - - [02/Sep/2021:15:55:58 +0900] "GET / HTTP/1.1" 404 807
0:0:0:0:0:0:0:1 - - [02/Sep/2021:15:55:59 +0900] "GET /webTest/member/list HTTP/1.1" 404 834
127.0.0.1 - - [02/Sep/2021:15:56:40 +0900] "GET / HTTP/1.1" 404 807
0:0:0:0:0:0:0:1 - - [02/Sep/2021:15:56:41 +0900] "GET /webTest/member/list HTTP/1.1" 200 1164
0:0:0:0:0:0:0:1 - - [02/Sep/2021:15:56:46 +0900] "GET /webTest/member/add HTTP/1.1" 200 408
0:0:0:0:0:0:0:1 - - [02/Sep/2021:15:57:06 +0900] "POST /webTest/member/add HTTP/1.1" 200 106
0:0:0:0:0:0:0:1 - - [02/Sep/2021:15:57:11 +0900] "GET /webTest/member/list HTTP/1.1" 200 1277
127.0.0.1 - - [02/Sep/2021:16:35:32 +0900] "GET / HTTP/1.1" 404 807
0:0:0:0:0:0:0:1 - - [02/Sep/2021:16:35:33 +0900] "GET /GradeWeb/grade/list HTTP/1.1" 500 1141
127.0.0.1 - - [02/Sep/2021:16:37:30 +0900] "GET / HTTP/1.1" 404 807
0:0:0:0:0:0:0:1 - - [02/Sep/2021:16:37:39 +0900] "GET /GradeWeb/grade/list HTTP/1.1" 500 1141
0:0:0:0:0:0:0:1 - - [02/Sep/2021:16:37:39 +0900] "GET /favicon.ico HTTP/1.1" 404 818
0:0:0:0:0:0:0:1 - - [02/Sep/2021:16:39:36 +0900] "GET /GradeWeb/grade/list HTTP/1.1" 500 1141
0:0:0:0:0:0:0:1 - - [02/Sep/2021:16:40:35 +0900] "GET /GradeWeb/grade/list HTTP/1.1" 500 1141
0:0:0:0:0:0:0:1 - - [02/Sep/2021:16:42:22 +0900] "GET /GradeWeb/ HTTP/1.1" 404 820
0:0:0:0:0:0:0:1 - - [02/Sep/2021:16:42:35 +0900] "GET /GradeWeb/grade/list HTTP/1.1" 500 1141
127.0.0.1 - - [02/Sep/2021:16:44:22 +0900] "GET / HTTP/1.1" 404 807
0:0:0:0:0:0:0:1 - - [02/Sep/2021:16:44:23 +0900] "GET /GradeWeb/grade/list HTTP/1.1" 500 1141
127.0.0.1 - - [02/Sep/2021:16:46:00 +0900] "GET / HTTP/1.1" 404 807
0:0:0:0:0:0:0:1 - - [02/Sep/2021:16:46:01 +0900] "GET /GradeWeb/grade/list HTTP/1.1" 500 1141
127.0.0.1 - - [02/Sep/2021:16:46:26 +0900] "GET / HTTP/1.1" 404 807
0:0:0:0:0:0:0:1 - - [02/Sep/2021:16:46:27 +0900] "GET /GradeWeb/grade/list HTTP/1.1" 500 1141
127.0.0.1 - - [02/Sep/2021:16:47:01 +0900] "GET / HTTP/1.1" 404 807
0:0:0:0:0:0:0:1 - - [02/Sep/2021:16:47:02 +0900] "GET /GradeWeb/grade/list HTTP/1.1" 200 115
127.0.0.1 - - [02/Sep/2021:16:48:10 +0900] "GET / HTTP/1.1" 404 807
0:0:0:0:0:0:0:1 - - [02/Sep/2021:16:48:11 +0900] "GET /GradeWeb/grade/list HTTP/1.1" 200 124
127.0.0.1 - - [02/Sep/2021:16:48:36 +0900] "GET / HTTP/1.1" 404 807
0:0:0:0:0:0:0:1 - - [02/Sep/2021:16:48:37 +0900] "GET /GradeWeb/grade/list HTTP/1.1" 200 124
127.0.0.1 - - [02/Sep/2021:16:49:38 +0900] "GET / HTTP/1.1" 404 807
0:0:0:0:0:0:0:1 - - [02/Sep/2021:16:49:39 +0900] "GET /GradeWeb/grade/list HTTP/1.1" 200 196
127.0.0.1 - - [02/Sep/2021:16:57:56 +0900] "GET / HTTP/1.1" 404 807
0:0:0:0:0:0:0:1 - - [02/Sep/2021:16:57:57 +0900] "GET /GradeWeb/grade/input HTTP/1.1" 500 4001
127.0.0.1 - - [02/Sep/2021:16:58:22 +0900] "GET / HTTP/1.1" 404 807
0:0:0:0:0:0:0:1 - - [02/Sep/2021:16:58:23 +0900] "GET /GradeWeb/grade/input HTTP/1.1" 200 297
0:0:0:0:0:0:0:1 - - [02/Sep/2021:16:58:27 +0900] "POST /GradeWeb/grade/input HTTP/1.1" 500 1130
127.0.0.1 - - [02/Sep/2021:16:58:59 +0900] "GET / HTTP/1.1" 404 807
0:0:0:0:0:0:0:1 - - [02/Sep/2021:16:58:59 +0900] "GET /GradeWeb/grade/input HTTP/1.1" 200 297
0:0:0:0:0:0:0:1 - - [02/Sep/2021:16:59:05 +0900] "POST /GradeWeb/grade/input HTTP/1.1" 500 1130
0:0:0:0:0:0:0:1 - - [02/Sep/2021:17:01:14 +0900] "GET /webTest/member/add HTTP/1.1" 200 408
0:0:0:0:0:0:0:1 - - [02/Sep/2021:17:01:22 +0900] "GET /GradeWeb/grade/list HTTP/1.1" 200 196
127.0.0.1 - - [02/Sep/2021:17:03:00 +0900] "GET / HTTP/1.1" 404 807
0:0:0:0:0:0:0:1 - - [02/Sep/2021:17:03:01 +0900] "GET /GradeWeb/grade/list HTTP/1.1" 200 251
127.0.0.1 - - [02/Sep/2021:17:03:45 +0900] "GET / HTTP/1.1" 404 807
0:0:0:0:0:0:0:1 - - [02/Sep/2021:17:03:46 +0900] "GET /GradeWeb/grade/list HTTP/1.1" 200 251
127.0.0.1 - - [02/Sep/2021:17:07:50 +0900] "GET / HTTP/1.1" 404 807
0:0:0:0:0:0:0:1 - - [02/Sep/2021:17:07:51 +0900] "GET /GradeWeb/grade/list HTTP/1.1" 200 263
0:0:0:0:0:0:0:1 - - [02/Sep/2021:17:07:52 +0900] "GET /GradeWeb/grade/add HTTP/1.1" 404 833
0:0:0:0:0:0:0:1 - - [02/Sep/2021:17:08:09 +0900] "GET /GradeWeb/grade/input HTTP/1.1" 200 311
0:0:0:0:0:0:0:1 - - [02/Sep/2021:17:08:15 +0900] "GET /GradeWeb/grade/ HTTP/1.1" 404 830
0:0:0:0:0:0:0:1 - - [02/Sep/2021:17:08:20 +0900] "GET /GradeWeb/grade/list HTTP/1.1" 200 263
0:0:0:0:0:0:0:1 - - [02/Sep/2021:17:08:22 +0900] "GET /GradeWeb/grade/add HTTP/1.1" 404 833
127.0.0.1 - - [02/Sep/2021:17:09:06 +0900] "GET / HTTP/1.1" 404 807
0:0:0:0:0:0:0:1 - - [02/Sep/2021:17:09:06 +0900] "GET /GradeWeb/grade/list HTTP/1.1" 200 265
0:0:0:0:0:0:0:1 - - [02/Sep/2021:17:09:07 +0900] "GET /GradeWeb/grade/input HTTP/1.1" 200 311
0:0:0:0:0:0:0:1 - - [02/Sep/2021:17:09:10 +0900] "POST /GradeWeb/grade/add HTTP/1.1" 404 833
0:0:0:0:0:0:0:1 - - [02/Sep/2021:17:11:03 +0900] "GET /webTest/member/add HTTP/1.1" 200 408
0:0:0:0:0:0:0:1 - - [02/Sep/2021:17:11:13 +0900] "POST /webTest/member/add HTTP/1.1" 200 106
0:0:0:0:0:0:0:1 - - [02/Sep/2021:17:11:15 +0900] "GET /webTest/member/add HTTP/1.1" 200 408
127.0.0.1 - - [02/Sep/2021:17:11:58 +0900] "GET / HTTP/1.1" 404 807
0:0:0:0:0:0:0:1 - - [02/Sep/2021:17:11:58 +0900] "GET /GradeWeb/grade/input HTTP/1.1" 200 311
0:0:0:0:0:0:0:1 - - [02/Sep/2021:17:12:01 +0900] "POST /GradeWeb/grade/add HTTP/1.1" 404 833
0:0:0:0:0:0:0:1 - - [02/Sep/2021:17:12:08 +0900] "GET /GradeWeb/grade/input HTTP/1.1" 200 311
0:0:0:0:0:0:0:1 - - [02/Sep/2021:17:12:14 +0900] "GET /GradeWeb/grade/input HTTP/1.1" 200 311
0:0:0:0:0:0:0:1 - - [02/Sep/2021:17:12:15 +0900] "GET /GradeWeb/grade/input HTTP/1.1" 200 311
0:0:0:0:0:0:0:1 - - [02/Sep/2021:17:12:25 +0900] "GET /GradeWeb/grade/input HTTP/1.1" 200 311
0:0:0:0:0:0:0:1 - - [02/Sep/2021:17:12:25 +0900] "GET /favicon.ico HTTP/1.1" 404 818
127.0.0.1 - - [02/Sep/2021:17:12:42 +0900] "GET / HTTP/1.1" 404 807
0:0:0:0:0:0:0:1 - - [02/Sep/2021:17:12:43 +0900] "GET /GradeWeb/grade/input HTTP/1.1" 200 311
0:0:0:0:0:0:0:1 - - [02/Sep/2021:17:12:43 +0900] "GET /favicon.ico HTTP/1.1" 404 818
0:0:0:0:0:0:0:1 - - [02/Sep/2021:17:12:58 +0900] "POST /GradeWeb/grade/add HTTP/1.1" 404 833
0:0:0:0:0:0:0:1 - - [02/Sep/2021:17:13:04 +0900] "POST /GradeWeb/grade/add HTTP/1.1" 404 833
127.0.0.1 - - [02/Sep/2021:17:13:45 +0900] "GET / HTTP/1.1" 404 807
0:0:0:0:0:0:0:1 - - [02/Sep/2021:17:13:45 +0900] "GET /GradeWeb/grade/input HTTP/1.1" 200 311
0:0:0:0:0:0:0:1 - - [02/Sep/2021:17:13:56 +0900] "POST /GradeWeb/grade/add HTTP/1.1" 404 833
127.0.0.1 - - [02/Sep/2021:17:18:12 +0900] "GET / HTTP/1.1" 404 807
0:0:0:0:0:0:0:1 - - [02/Sep/2021:17:18:12 +0900] "GET /GradeWeb/grade/input HTTP/1.1" 200 311
0:0:0:0:0:0:0:1 - - [02/Sep/2021:17:18:19 +0900] "POST /GradeWeb/grade/add HTTP/1.1" 404 833
127.0.0.1 - - [02/Sep/2021:17:22:37 +0900] "GET / HTTP/1.1" 404 807
0:0:0:0:0:0:0:1 - - [02/Sep/2021:17:22:38 +0900] "GET /GradeWeb/grade/input HTTP/1.1" 200 311
127.0.0.1 - - [02/Sep/2021:17:22:52 +0900] "GET / HTTP/1.1" 404 807
0:0:0:0:0:0:0:1 - - [02/Sep/2021:17:22:53 +0900] "GET /GradeWeb/grade/list HTTP/1.1" 200 265
0:0:0:0:0:0:0:1 - - [02/Sep/2021:17:22:55 +0900] "GET /GradeWeb/grade/input HTTP/1.1" 200 311
0:0:0:0:0:0:0:1 - - [02/Sep/2021:17:23:00 +0900] "POST /GradeWeb/grade/add HTTP/1.1" 404 833
127.0.0.1 - - [02/Sep/2021:17:25:21 +0900] "GET / HTTP/1.1" 404 807
0:0:0:0:0:0:0:1 - - [02/Sep/2021:17:25:21 +0900] "GET /GradeWeb/grade/input HTTP/1.1" 200 311
0:0:0:0:0:0:0:1 - - [02/Sep/2021:17:25:23 +0900] "POST /GradeWeb/grade/add HTTP/1.1" 404 833
0:0:0:0:0:0:0:1 - - [02/Sep/2021:17:25:43 +0900] "POST /GradeWeb/grade/add HTTP/1.1" 404 833
0:0:0:0:0:0:0:1 - - [02/Sep/2021:17:25:55 +0900] "GET /GradeWeb/grade/input HTTP/1.1" 200 311
0:0:0:0:0:0:0:1 - - [02/Sep/2021:17:25:59 +0900] "POST /GradeWeb/grade/add HTTP/1.1" 404 833
0:0:0:0:0:0:0:1 - - [02/Sep/2021:17:26:06 +0900] "GET /webTest/member/add HTTP/1.1" 200 408
0:0:0:0:0:0:0:1 - - [02/Sep/2021:17:26:17 +0900] "POST /webTest/member/add HTTP/1.1" 200 106
127.0.0.1 - - [02/Sep/2021:17:26:55 +0900] "GET / HTTP/1.1" 404 807
0:0:0:0:0:0:0:1 - - [02/Sep/2021:17:26:56 +0900] "GET /GradeWeb/grade/input HTTP/1.1" 200 313
0:0:0:0:0:0:0:1 - - [02/Sep/2021:17:26:59 +0900] "POST /GradeWeb/grade/input HTTP/1.1" 500 1130
127.0.0.1 - - [02/Sep/2021:17:28:01 +0900] "GET / HTTP/1.1" 404 807
0:0:0:0:0:0:0:1 - - [02/Sep/2021:17:28:02 +0900] "GET /GradeWeb/grade/input HTTP/1.1" 200 313
0:0:0:0:0:0:0:1 - - [02/Sep/2021:17:28:05 +0900] "POST /GradeWeb/grade/input HTTP/1.1" 200 -
127.0.0.1 - - [02/Sep/2021:17:28:23 +0900] "GET / HTTP/1.1" 404 807
0:0:0:0:0:0:0:1 - - [02/Sep/2021:17:28:23 +0900] "GET /GradeWeb/grade/input HTTP/1.1" 200 313
0:0:0:0:0:0:0:1 - - [02/Sep/2021:17:28:27 +0900] "POST /GradeWeb/grade/input HTTP/1.1" 500 1130
127.0.0.1 - - [02/Sep/2021:17:30:31 +0900] "GET / HTTP/1.1" 404 807
0:0:0:0:0:0:0:1 - - [02/Sep/2021:17:30:31 +0900] "GET /GradeWeb/grade/input HTTP/1.1" 200 313
0:0:0:0:0:0:0:1 - - [02/Sep/2021:17:30:34 +0900] "POST /GradeWeb/grade/input HTTP/1.1" 500 1767
127.0.0.1 - - [02/Sep/2021:17:31:25 +0900] "GET / HTTP/1.1" 404 807
0:0:0:0:0:0:0:1 - - [02/Sep/2021:17:31:26 +0900] "GET /GradeWeb/grade/list HTTP/1.1" 200 265
0:0:0:0:0:0:0:1 - - [02/Sep/2021:17:31:27 +0900] "GET /GradeWeb/grade/input HTTP/1.1" 200 313
0:0:0:0:0:0:0:1 - - [02/Sep/2021:17:31:38 +0900] "POST /GradeWeb/grade/input HTTP/1.1" 500 1130
0:0:0:0:0:0:0:1 - - [02/Sep/2021:17:32:12 +0900] "GET /GradeWeb/grade/list HTTP/1.1" 200 265
0:0:0:0:0:0:0:1 - - [02/Sep/2021:17:32:13 +0900] "GET /GradeWeb/grade/input HTTP/1.1" 200 313
0:0:0:0:0:0:0:1 - - [02/Sep/2021:17:32:16 +0900] "POST /GradeWeb/grade/input HTTP/1.1" 200 99
0:0:0:0:0:0:0:1 - - [02/Sep/2021:17:32:35 +0900] "GET /GradeWeb/grade/list HTTP/1.1" 200 308
0:0:0:0:0:0:0:1 - - [02/Sep/2021:17:33:27 +0900] "GET /GradeWeb/grade/list HTTP/1.1" 200 308
0:0:0:0:0:0:0:1 - - [02/Sep/2021:17:33:28 +0900] "GET /GradeWeb/grade/input HTTP/1.1" 200 313
0:0:0:0:0:0:0:1 - - [02/Sep/2021:17:33:35 +0900] "POST /GradeWeb/grade/input HTTP/1.1" 200 99
0:0:0:0:0:0:0:1 - - [02/Sep/2021:17:33:39 +0900] "GET /GradeWeb/grade/list HTTP/1.1" 200 350
0:0:0:0:0:0:0:1 - - [02/Sep/2021:17:36:29 +0900] "GET /GradeWeb/grade/input HTTP/1.1" 200 313
127.0.0.1 - - [02/Sep/2021:17:36:39 +0900] "GET / HTTP/1.1" 404 807
0:0:0:0:0:0:0:1 - - [02/Sep/2021:17:36:40 +0900] "GET /GradeWeb/grade/list HTTP/1.1" 200 262
0:0:0:0:0:0:0:1 - - [02/Sep/2021:17:36:41 +0900] "GET /GradeWeb/grade/input HTTP/1.1" 200 313
0:0:0:0:0:0:0:1 - - [02/Sep/2021:17:36:48 +0900] "POST /GradeWeb/grade/input HTTP/1.1" 200 99
0:0:0:0:0:0:0:1 - - [02/Sep/2021:17:36:53 +0900] "GET /GradeWeb/grade/list HTTP/1.1" 200 299
0:0:0:0:0:0:0:1 - - [02/Sep/2021:17:37:46 +0900] "GET /GradeWeb/grade/input HTTP/1.1" 200 313
127.0.0.1 - - [02/Sep/2021:17:42:01 +0900] "GET / HTTP/1.1" 404 807
0:0:0:0:0:0:0:1 - - [02/Sep/2021:17:42:01 +0900] "GET /GradeWeb/grade/input HTTP/1.1" 200 319
